# nbmp
2019-08-09T16:38:33.508+0800: 1799424.654: [GC (Allocation Failure) [PSYoungGen: 3122658K->37050K(3126272K)] 4586847K->1502340K(5223424K), 0.0823662 secs] [Times: user=0.24 sys=0.00, real=0.08 secs] 
2019-08-09T16:48:23.545+0800: 1800014.691: [GC (Allocation Failure) [PSYoungGen: 3121338K->36945K(3121664K)] 4586628K->1502370K(5218816K), 0.0492657 secs] [Times: user=0.07 sys=0.03, real=0.04 secs] 
2019-08-09T16:57:51.887+0800: 1800583.033: [GC (Allocation Failure) [PSYoungGen: 3121233K->34775K(3127296K)] 4586658K->1503879K(5224448K), 0.0860281 secs] [Times: user=0.20 sys=0.00, real=0.08 secs] 
2019-08-09T17:08:30.714+0800: 1801221.860: [GC (Allocation Failure) [PSYoungGen: 3118551K->34157K(3126784K)] 4587655K->1504199K(5223936K), 0.0505815 secs] [Times: user=0.08 sys=0.04, real=0.06 secs] 
2019-08-09T17:18:26.746+0800: 1801817.892: [GC (Allocation Failure) [PSYoungGen: 3117933K->33947K(3128320K)] 4587975K->1505413K(5225472K), 0.0724608 secs] [Times: user=0.08 sys=0.04, real=0.07 secs] 
2019-08-09T17:28:06.918+0800: 1802398.065: [GC (Allocation Failure) [PSYoungGen: 3119771K->34072K(3127808K)] 4591237K->1506264K(5224960K), 0.0653453 secs] [Times: user=0.10 sys=0.04, real=0.06 secs] 
2019-08-09T17:37:39.718+0800: 1802970.864: [GC (Allocation Failure) [PSYoungGen: 3119896K->32152K(3129344K)] 4592088K->1506488K(5226496K), 0.1289846 secs] [Times: user=0.24 sys=0.00, real=0.13 secs] 
2019-08-09T17:47:45.650+0800: 1803576.796: [GC (Allocation Failure) [PSYoungGen: 3120024K->31907K(3128832K)] 4594360K->1506824K(5225984K), 0.0862343 secs] [Times: user=0.11 sys=0.05, real=0.09 secs] 
2019-08-09T17:59:41.034+0800: 1804292.180: [GC (Allocation Failure) [PSYoungGen: 3119779K->31164K(3130368K)] 4594696K->1507648K(5227520K), 0.0631194 secs] [Times: user=0.18 sys=0.00, real=0.07 secs] 
2019-08-09T18:12:40.915+0800: 1805072.061: [GC (Allocation Failure) [PSYoungGen: 3121084K->27214K(3129856K)] 4597568K->1508919K(5227008K), 0.1068209 secs] [Times: user=0.23 sys=0.00, real=0.10 secs] 
2019-08-09T18:25:26.892+0800: 1805838.038: [GC (Allocation Failure) [PSYoungGen: 3117134K->25949K(3129856K)] 4598839K->1508941K(5227008K), 0.0675470 secs] [Times: user=0.21 sys=0.00, real=0.07 secs] 
2019-08-09T18:42:38.397+0800: 1806869.544: [GC (Allocation Failure) [PSYoungGen: 3115357K->26009K(3129856K)] 4598349K->1510225K(5227008K), 0.0786985 secs] [Times: user=0.07 sys=0.04, real=0.08 secs] 
2019-08-09T19:01:12.947+0800: 1807984.093: [GC (Allocation Failure) [PSYoungGen: 3115417K->23543K(3128832K)] 4599633K->1509460K(5225984K), 0.0651873 secs] [Times: user=0.19 sys=0.00, real=0.06 secs] 

# market
2019-08-09T07:55:53.039+0800: 1512022.489: [GC pause (G1 Evacuation Pause) (young), 0.0425699 secs]
   [Parallel Time: 13.8 ms, GC Workers: 4]
      [GC Worker Start (ms): Min: 1512022489.6, Avg: 1512022489.6, Max: 1512022489.7, Diff: 0.1]
      [Ext Root Scanning (ms): Min: 2.9, Avg: 3.1, Max: 3.3, Diff: 0.4, Sum: 12.4]
      [Update RS (ms): Min: 1.5, Avg: 1.5, Max: 1.5, Diff: 0.0, Sum: 5.9]
         [Processed Buffers: Min: 12, Avg: 31.5, Max: 54, Diff: 42, Sum: 126]
      [Scan RS (ms): Min: 0.6, Avg: 0.7, Max: 0.7, Diff: 0.1, Sum: 2.7]
      [Code Root Scanning (ms): Min: 0.1, Avg: 0.1, Max: 0.1, Diff: 0.1, Sum: 0.3]
      [Object Copy (ms): Min: 8.2, Avg: 8.3, Max: 8.4, Diff: 0.2, Sum: 33.1]
      [Termination (ms): Min: 0.0, Avg: 0.0, Max: 0.0, Diff: 0.0, Sum: 0.0]
         [Termination Attempts: Min: 1, Avg: 5.5, Max: 11, Diff: 10, Sum: 22]
      [GC Worker Other (ms): Min: 0.0, Avg: 0.1, Max: 0.1, Diff: 0.1, Sum: 0.3]
      [GC Worker Total (ms): Min: 13.6, Avg: 13.7, Max: 13.8, Diff: 0.1, Sum: 54.7]
      [GC Worker End (ms): Min: 1512022503.3, Avg: 1512022503.3, Max: 1512022503.3, Diff: 0.1]
   [Code Root Fixup: 0.2 ms]
   [Code Root Purge: 0.0 ms]
   [Clear CT: 0.8 ms]
   [Other: 27.8 ms]
      [Choose CSet: 0.0 ms]
      [Ref Proc: 23.9 ms]
      [Ref Enq: 0.3 ms]
      [Redirty Cards: 0.1 ms]
      [Humongous Register: 0.2 ms]
      [Humongous Reclaim: 0.1 ms]
      [Free CSet: 2.3 ms]
   [Eden: 1832.0M(1832.0M)->0.0B(1832.0M) Survivors: 11.0M->11.0M Heap: 1960.5M(3072.0M)->124.5M(3072.0M)]
 [Times: user=0.13 sys=0.00, real=0.05 secs] 
2019-08-09T12:19:03.601+0800: 1527813.052: [GC pause (G1 Evacuation Pause) (young), 0.0386828 secs]
   [Parallel Time: 11.2 ms, GC Workers: 4]
      [GC Worker Start (ms): Min: 1527813052.4, Avg: 1527813052.5, Max: 1527813052.5, Diff: 0.1]
      [Ext Root Scanning (ms): Min: 2.2, Avg: 2.3, Max: 2.5, Diff: 0.3, Sum: 9.4]
      [Update RS (ms): Min: 1.3, Avg: 1.3, Max: 1.3, Diff: 0.0, Sum: 5.3]
         [Processed Buffers: Min: 2, Avg: 35.0, Max: 51, Diff: 49, Sum: 140]
      [Scan RS (ms): Min: 0.6, Avg: 0.7, Max: 0.8, Diff: 0.2, Sum: 2.8]
      [Code Root Scanning (ms): Min: 0.0, Avg: 0.1, Max: 0.1, Diff: 0.1, Sum: 0.3]
      [Object Copy (ms): Min: 6.4, Avg: 6.5, Max: 6.6, Diff: 0.3, Sum: 26.1]
      [Termination (ms): Min: 0.0, Avg: 0.0, Max: 0.0, Diff: 0.0, Sum: 0.0]
         [Termination Attempts: Min: 1, Avg: 14.2, Max: 32, Diff: 31, Sum: 57]
      [GC Worker Other (ms): Min: 0.0, Avg: 0.1, Max: 0.1, Diff: 0.1, Sum: 0.3]
      [GC Worker Total (ms): Min: 11.0, Avg: 11.0, Max: 11.1, Diff: 0.2, Sum: 44.2]
      [GC Worker End (ms): Min: 1527813063.5, Avg: 1527813063.5, Max: 1527813063.5, Diff: 0.1]
   [Code Root Fixup: 0.1 ms]
   [Code Root Purge: 0.0 ms]
   [Clear CT: 0.9 ms]
   [Other: 26.4 ms]
      [Choose CSet: 0.0 ms]
      [Ref Proc: 22.8 ms]
      [Ref Enq: 0.2 ms]
      [Redirty Cards: 0.3 ms]
      [Humongous Register: 0.3 ms]
      [Humongous Reclaim: 0.1 ms]
      [Free CSet: 1.9 ms]
   [Eden: 1832.0M(1832.0M)->0.0B(1832.0M) Survivors: 11.0M->11.0M Heap: 1960.5M(3072.0M)->124.5M(3072.0M)]
 [Times: user=0.10 sys=0.00, real=0.04 secs] 
2019-08-09T16:44:37.740+0800: 1543747.191: [GC pause (G1 Evacuation Pause) (young), 0.0469885 secs]
   [Parallel Time: 16.2 ms, GC Workers: 4]
      [GC Worker Start (ms): Min: 1543747191.3, Avg: 1543747191.4, Max: 1543747191.5, Diff: 0.2]
      [Ext Root Scanning (ms): Min: 3.6, Avg: 4.9, Max: 8.5, Diff: 4.9, Sum: 19.7]
      [Update RS (ms): Min: 0.0, Avg: 1.4, Max: 1.8, Diff: 1.8, Sum: 5.4]
         [Processed Buffers: Min: 0, Avg: 34.2, Max: 61, Diff: 61, Sum: 137]
      [Scan RS (ms): Min: 0.2, Avg: 0.7, Max: 1.0, Diff: 0.8, Sum: 2.7]
      [Code Root Scanning (ms): Min: 0.0, Avg: 0.1, Max: 0.1, Diff: 0.1, Sum: 0.3]
      [Object Copy (ms): Min: 7.2, Avg: 8.8, Max: 9.4, Diff: 2.2, Sum: 35.1]
      [Termination (ms): Min: 0.0, Avg: 0.1, Max: 0.1, Diff: 0.1, Sum: 0.4]
         [Termination Attempts: Min: 41, Avg: 55.0, Max: 68, Diff: 27, Sum: 220]
      [GC Worker Other (ms): Min: 0.0, Avg: 0.1, Max: 0.1, Diff: 0.1, Sum: 0.3]
      [GC Worker Total (ms): Min: 15.9, Avg: 16.0, Max: 16.1, Diff: 0.2, Sum: 63.9]
      [GC Worker End (ms): Min: 1543747207.3, Avg: 1543747207.3, Max: 1543747207.4, Diff: 0.1]
   [Code Root Fixup: 0.1 ms]
   [Code Root Purge: 0.0 ms]
   [Clear CT: 1.0 ms]
   [Other: 29.7 ms]
      [Choose CSet: 0.0 ms]
      [Ref Proc: 25.0 ms]
      [Ref Enq: 0.4 ms]
      [Redirty Cards: 0.2 ms]
      [Humongous Register: 0.3 ms]
      [Humongous Reclaim: 0.1 ms]
      [Free CSet: 2.8 ms]
   [Eden: 1832.0M(1832.0M)->0.0B(1831.0M) Survivors: 11.0M->12.0M Heap: 1960.5M(3072.0M)->125.5M(3072.0M)]
 [Times: user=0.13 sys=0.00, real=0.04 secs] 

 -----------------------------------------------------------------------

 2019-08-08T05:52:10.632+0800: 1418200.082: [GC pause (G1 Evacuation Pause) (young), 0.0452387 secs]
   [Parallel Time: 12.5 ms, GC Workers: 4]
      [GC Worker Start (ms): Min: 1418200083.0, Avg: 1418200083.1, Max: 1418200083.2, Diff: 0.2]
      [Ext Root Scanning (ms): Min: 2.7, Avg: 2.8, Max: 3.0, Diff: 0.3, Sum: 11.3]
      [Update RS (ms): Min: 1.2, Avg: 1.2, Max: 1.2, Diff: 0.0, Sum: 4.8]
         [Processed Buffers: Min: 22, Avg: 30.5, Max: 37, Diff: 15, Sum: 122]
      [Scan RS (ms): Min: 0.7, Avg: 0.8, Max: 0.8, Diff: 0.1, Sum: 3.1]
      [Code Root Scanning (ms): Min: 0.0, Avg: 0.1, Max: 0.1, Diff: 0.0, Sum: 0.2]
      [Object Copy (ms): Min: 7.3, Avg: 7.4, Max: 7.4, Diff: 0.1, Sum: 29.5]
      [Termination (ms): Min: 0.0, Avg: 0.0, Max: 0.0, Diff: 0.0, Sum: 0.0]
         [Termination Attempts: Min: 1, Avg: 12.5, Max: 38, Diff: 37, Sum: 50]
      [GC Worker Other (ms): Min: 0.0, Avg: 0.1, Max: 0.1, Diff: 0.1, Sum: 0.3]
      [GC Worker Total (ms): Min: 12.2, Avg: 12.3, Max: 12.4, Diff: 0.1, Sum: 49.1]
      [GC Worker End (ms): Min: 1418200095.3, Avg: 1418200095.4, Max: 1418200095.4, Diff: 0.1]
   [Code Root Fixup: 0.2 ms]
   [Code Root Purge: 0.0 ms]
   [Clear CT: 0.9 ms]
   [Other: 31.6 ms]
      [Choose CSet: 0.0 ms]
      [Ref Proc: 27.3 ms]
      [Ref Enq: 0.2 ms]
      [Redirty Cards: 0.1 ms]
      [Humongous Register: 0.2 ms]
      [Humongous Reclaim: 0.1 ms]
      [Free CSet: 2.5 ms]
   [Eden: 1833.0M(1833.0M)->0.0B(1833.0M) Survivors: 10.0M->10.0M Heap: 1961.0M(3072.0M)->124.0M(3072.0M)]
 [Times: user=0.13 sys=0.00, real=0.04 secs] 
2019-08-08T10:18:44.273+0800: 1434193.723: [GC pause (G1 Evacuation Pause) (young), 0.0396034 secs]
   [Parallel Time: 12.4 ms, GC Workers: 4]
      [GC Worker Start (ms): Min: 1434193723.4, Avg: 1434193723.5, Max: 1434193723.6, Diff: 0.2]
      [Ext Root Scanning (ms): Min: 2.8, Avg: 2.9, Max: 3.1, Diff: 0.4, Sum: 11.8]
      [Update RS (ms): Min: 1.1, Avg: 1.2, Max: 1.2, Diff: 0.1, Sum: 4.7]
         [Processed Buffers: Min: 21, Avg: 32.2, Max: 45, Diff: 24, Sum: 129]
      [Scan RS (ms): Min: 0.6, Avg: 0.7, Max: 0.7, Diff: 0.1, Sum: 2.6]
      [Code Root Scanning (ms): Min: 0.0, Avg: 0.0, Max: 0.1, Diff: 0.0, Sum: 0.2]
      [Object Copy (ms): Min: 7.1, Avg: 7.2, Max: 7.3, Diff: 0.2, Sum: 28.9]
      [Termination (ms): Min: 0.0, Avg: 0.0, Max: 0.0, Diff: 0.0, Sum: 0.0]
         [Termination Attempts: Min: 1, Avg: 13.0, Max: 24, Diff: 23, Sum: 52]
      [GC Worker Other (ms): Min: 0.1, Avg: 0.1, Max: 0.1, Diff: 0.1, Sum: 0.4]
      [GC Worker Total (ms): Min: 12.1, Avg: 12.2, Max: 12.3, Diff: 0.2, Sum: 48.6]
      [GC Worker End (ms): Min: 1434193735.6, Avg: 1434193735.6, Max: 1434193735.7, Diff: 0.1]
   [Code Root Fixup: 0.1 ms]
   [Code Root Purge: 0.0 ms]
   [Clear CT: 0.8 ms]
   [Other: 26.3 ms]
      [Choose CSet: 0.0 ms]
      [Ref Proc: 22.6 ms]
      [Ref Enq: 0.2 ms]
      [Redirty Cards: 0.3 ms]
      [Humongous Register: 0.1 ms]
      [Humongous Reclaim: 0.1 ms]
      [Free CSet: 2.3 ms]
   [Eden: 1833.0M(1833.0M)->0.0B(1832.0M) Survivors: 10.0M->11.0M Heap: 1961.0M(3072.0M)->124.5M(3072.0M)]
 [Times: user=0.12 sys=0.00, real=0.04 secs] 
2019-08-08T14:37:01.543+0800: 1449690.993: [GC pause (G1 Evacuation Pause) (young), 0.0485529 secs]
   [Parallel Time: 13.8 ms, GC Workers: 4]
      [GC Worker Start (ms): Min: 1449690993.8, Avg: 1449690993.8, Max: 1449690993.9, Diff: 0.1]
      [Ext Root Scanning (ms): Min: 2.8, Avg: 2.9, Max: 3.1, Diff: 0.4, Sum: 11.5]
      [Update RS (ms): Min: 1.6, Avg: 1.6, Max: 1.6, Diff: 0.0, Sum: 6.4]
         [Processed Buffers: Min: 25, Avg: 31.5, Max: 45, Diff: 20, Sum: 126]
      [Scan RS (ms): Min: 0.7, Avg: 0.8, Max: 0.8, Diff: 0.1, Sum: 3.2]
      [Code Root Scanning (ms): Min: 0.1, Avg: 0.1, Max: 0.1, Diff: 0.0, Sum: 0.3]
      [Object Copy (ms): Min: 8.0, Avg: 8.2, Max: 8.3, Diff: 0.3, Sum: 32.7]
      [Termination (ms): Min: 0.0, Avg: 0.0, Max: 0.0, Diff: 0.0, Sum: 0.0]
         [Termination Attempts: Min: 1, Avg: 3.5, Max: 9, Diff: 8, Sum: 14]
      [GC Worker Other (ms): Min: 0.0, Avg: 0.1, Max: 0.2, Diff: 0.1, Sum: 0.4]
      [GC Worker Total (ms): Min: 13.6, Avg: 13.6, Max: 13.7, Diff: 0.1, Sum: 54.5]
      [GC Worker End (ms): Min: 1449691007.4, Avg: 1449691007.5, Max: 1449691007.5, Diff: 0.1]
   [Code Root Fixup: 0.1 ms]
   [Code Root Purge: 0.0 ms]
   [Clear CT: 0.9 ms]
   [Other: 33.7 ms]
      [Choose CSet: 0.0 ms]
      [Ref Proc: 29.6 ms]
      [Ref Enq: 0.3 ms]
      [Redirty Cards: 0.3 ms]
      [Humongous Register: 0.3 ms]
      [Humongous Reclaim: 0.1 ms]
      [Free CSet: 2.3 ms]
   [Eden: 1832.0M(1832.0M)->0.0B(1832.0M) Survivors: 11.0M->11.0M Heap: 1960.5M(3072.0M)->124.5M(3072.0M)]
 [Times: user=0.14 sys=0.00, real=0.05 secs] 
2019-08-08T18:40:47.759+0800: 1464317.210: [GC pause (G1 Evacuation Pause) (young), 0.0440343 secs]
   [Parallel Time: 12.5 ms, GC Workers: 4]
      [GC Worker Start (ms): Min: 1464317210.3, Avg: 1464317210.4, Max: 1464317210.4, Diff: 0.1]
      [Ext Root Scanning (ms): Min: 2.6, Avg: 2.8, Max: 3.0, Diff: 0.4, Sum: 11.1]
      [Update RS (ms): Min: 1.3, Avg: 1.4, Max: 1.4, Diff: 0.0, Sum: 5.4]
         [Processed Buffers: Min: 13, Avg: 31.5, Max: 50, Diff: 37, Sum: 126]
      [Scan RS (ms): Min: 0.6, Avg: 0.7, Max: 0.8, Diff: 0.1, Sum: 2.8]
      [Code Root Scanning (ms): Min: 0.1, Avg: 0.1, Max: 0.1, Diff: 0.1, Sum: 0.3]
      [Object Copy (ms): Min: 7.0, Avg: 7.2, Max: 7.3, Diff: 0.3, Sum: 28.8]
      [Termination (ms): Min: 0.0, Avg: 0.0, Max: 0.0, Diff: 0.0, Sum: 0.0]
         [Termination Attempts: Min: 1, Avg: 21.8, Max: 43, Diff: 42, Sum: 87]
      [GC Worker Other (ms): Min: 0.0, Avg: 0.1, Max: 0.2, Diff: 0.1, Sum: 0.4]
      [GC Worker Total (ms): Min: 12.1, Avg: 12.2, Max: 12.3, Diff: 0.2, Sum: 48.9]
      [GC Worker End (ms): Min: 1464317222.5, Avg: 1464317222.6, Max: 1464317222.7, Diff: 0.1]
   [Code Root Fixup: 0.1 ms]
   [Code Root Purge: 0.0 ms]
   [Clear CT: 0.9 ms]
   [Other: 30.5 ms]
      [Choose CSet: 0.0 ms]
      [Ref Proc: 26.3 ms]
      [Ref Enq: 0.3 ms]
      [Redirty Cards: 0.3 ms]
      [Humongous Register: 0.2 ms]
      [Humongous Reclaim: 0.1 ms]
      [Free CSet: 2.3 ms]
   [Eden: 1832.0M(1832.0M)->0.0B(1833.0M) Survivors: 11.0M->10.0M Heap: 1961.5M(3072.0M)->124.0M(3072.0M)]
 [Times: user=0.12 sys=0.00, real=0.05 secs] 
2019-08-08T23:03:52.878+0800: 1480102.328: [GC pause (G1 Evacuation Pause) (young), 0.0448443 secs]
   [Parallel Time: 13.8 ms, GC Workers: 4]
      [GC Worker Start (ms): Min: 1480102329.1, Avg: 1480102329.2, Max: 1480102329.3, Diff: 0.1]
      [Ext Root Scanning (ms): Min: 2.6, Avg: 2.8, Max: 2.9, Diff: 0.3, Sum: 11.1]
      [Update RS (ms): Min: 1.4, Avg: 1.4, Max: 1.4, Diff: 0.0, Sum: 5.7]
         [Processed Buffers: Min: 14, Avg: 31.0, Max: 52, Diff: 38, Sum: 124]
      [Scan RS (ms): Min: 0.6, Avg: 0.7, Max: 0.7, Diff: 0.1, Sum: 2.6]
      [Code Root Scanning (ms): Min: 0.0, Avg: 0.1, Max: 0.1, Diff: 0.1, Sum: 0.3]
      [Object Copy (ms): Min: 8.4, Avg: 8.5, Max: 8.6, Diff: 0.3, Sum: 34.0]
      [Termination (ms): Min: 0.0, Avg: 0.1, Max: 0.1, Diff: 0.1, Sum: 0.3]
         [Termination Attempts: Min: 19, Avg: 28.2, Max: 34, Diff: 15, Sum: 113]
      [GC Worker Other (ms): Min: 0.1, Avg: 0.1, Max: 0.1, Diff: 0.1, Sum: 0.3]
      [GC Worker Total (ms): Min: 13.5, Avg: 13.6, Max: 13.7, Diff: 0.2, Sum: 54.2]
      [GC Worker End (ms): Min: 1480102342.7, Avg: 1480102342.7, Max: 1480102342.8, Diff: 0.1]
   [Code Root Fixup: 0.1 ms]
   [Code Root Purge: 0.0 ms]
   [Clear CT: 0.9 ms]
   [Other: 30.1 ms]
      [Choose CSet: 0.0 ms]
      [Ref Proc: 25.8 ms]
      [Ref Enq: 0.2 ms]
      [Redirty Cards: 0.1 ms]
      [Humongous Register: 0.3 ms]
      [Humongous Reclaim: 0.1 ms]
      [Free CSet: 2.6 ms]
   [Eden: 1833.0M(1833.0M)->0.0B(1832.0M) Survivors: 10.0M->11.0M Heap: 1961.0M(3072.0M)->124.5M(3072.0M)]
 [Times: user=0.11 sys=0.00, real=0.05 secs] 
2019-08-09T03:30:01.486+0800: 1496070.936: [GC pause (G1 Evacuation Pause) (young), 0.0555590 secs]
   [Parallel Time: 14.5 ms, GC Workers: 4]
      [GC Worker Start (ms): Min: 1496070936.4, Avg: 1496070936.6, Max: 1496070936.8, Diff: 0.4]
      [Ext Root Scanning (ms): Min: 3.7, Avg: 4.7, Max: 6.0, Diff: 2.3, Sum: 18.9]
      [Update RS (ms): Min: 0.2, Avg: 1.4, Max: 1.9, Diff: 1.7, Sum: 5.7]
         [Processed Buffers: Min: 10, Avg: 29.5, Max: 59, Diff: 49, Sum: 118]
      [Scan RS (ms): Min: 0.6, Avg: 0.6, Max: 0.6, Diff: 0.1, Sum: 2.5]
      [Code Root Scanning (ms): Min: 0.1, Avg: 0.1, Max: 0.2, Diff: 0.1, Sum: 0.4]
      [Object Copy (ms): Min: 6.7, Avg: 6.9, Max: 7.2, Diff: 0.5, Sum: 27.4]
      [Termination (ms): Min: 0.0, Avg: 0.0, Max: 0.0, Diff: 0.0, Sum: 0.0]
         [Termination Attempts: Min: 1, Avg: 9.0, Max: 14, Diff: 13, Sum: 36]
      [GC Worker Other (ms): Min: 0.0, Avg: 0.3, Max: 0.5, Diff: 0.4, Sum: 1.0]
      [GC Worker Total (ms): Min: 13.5, Avg: 14.0, Max: 14.4, Diff: 0.8, Sum: 55.9]
      [GC Worker End (ms): Min: 1496070950.4, Avg: 1496070950.6, Max: 1496070950.8, Diff: 0.4]
   [Code Root Fixup: 0.2 ms]
   [Code Root Purge: 0.0 ms]
   [Clear CT: 0.6 ms]
   [Other: 40.2 ms]
      [Choose CSet: 0.0 ms]
      [Ref Proc: 36.7 ms]
      [Ref Enq: 0.3 ms]
      [Redirty Cards: 0.1 ms]
      [Humongous Register: 0.2 ms]
      [Humongous Reclaim: 0.1 ms]
      [Free CSet: 2.0 ms]
   [Eden: 1832.0M(1832.0M)->0.0B(1832.0M) Survivors: 11.0M->11.0M Heap: 1963.5M(3072.0M)->124.5M(3072.0M)]
 [Times: user=0.15 sys=0.00, real=0.06 secs] 


 # recommend
 2019-08-09T17:54:00.057+0800: 337939.476: [GC pause (G1 Evacuation Pause) (mixed), 0.0499540 secs]
   [Parallel Time: 27.5 ms, GC Workers: 4]
      [GC Worker Start (ms): Min: 337939476.7, Avg: 337939476.7, Max: 337939476.8, Diff: 0.1]
      [Ext Root Scanning (ms): Min: 2.9, Avg: 3.0, Max: 3.2, Diff: 0.3, Sum: 12.1]
      [Update RS (ms): Min: 18.0, Avg: 18.0, Max: 18.0, Diff: 0.1, Sum: 71.9]
         [Processed Buffers: Min: 125, Avg: 129.0, Max: 133, Diff: 8, Sum: 516]
      [Scan RS (ms): Min: 1.9, Avg: 1.9, Max: 2.0, Diff: 0.1, Sum: 7.8]
      [Code Root Scanning (ms): Min: 0.0, Avg: 0.2, Max: 0.8, Diff: 0.8, Sum: 1.0]
      [Object Copy (ms): Min: 3.5, Avg: 4.1, Max: 4.4, Diff: 0.9, Sum: 16.5]
      [Termination (ms): Min: 0.0, Avg: 0.0, Max: 0.0, Diff: 0.0, Sum: 0.0]
         [Termination Attempts: Min: 1, Avg: 1.0, Max: 1, Diff: 0, Sum: 4]
      [GC Worker Other (ms): Min: 0.0, Avg: 0.0, Max: 0.1, Diff: 0.0, Sum: 0.2]
      [GC Worker Total (ms): Min: 27.3, Avg: 27.4, Max: 27.4, Diff: 0.1, Sum: 109.5]
      [GC Worker End (ms): Min: 337939504.1, Avg: 337939504.1, Max: 337939504.1, Diff: 0.0]
   [Code Root Fixup: 0.4 ms]
   [Code Root Purge: 0.0 ms]
   [Clear CT: 0.3 ms]
   [Other: 21.7 ms]
      [Choose CSet: 0.0 ms]
      [Ref Proc: 19.8 ms]
      [Ref Enq: 0.0 ms]
      [Redirty Cards: 0.2 ms]
      [Humongous Register: 0.2 ms]
      [Humongous Reclaim: 0.2 ms]
      [Free CSet: 0.5 ms]
   [Eden: 240.0M(240.0M)->0.0B(1216.0M) Survivors: 16.0M->12.0M Heap: 789.4M(2048.0M)->420.8M(2048.0M)]
 [Times: user=0.16 sys=0.00, real=0.05 secs] 
2019-08-09T18:00:04.728+0800: 338304.147: [GC pause (G1 Humongous Allocation) (young) (initial-mark), 0.0559860 secs]
   [Parallel Time: 28.1 ms, GC Workers: 4]
      [GC Worker Start (ms): Min: 338304148.3, Avg: 338304148.6, Max: 338304149.0, Diff: 0.7]
      [Ext Root Scanning (ms): Min: 4.0, Avg: 7.0, Max: 14.9, Diff: 10.9, Sum: 28.2]
      [Update RS (ms): Min: 8.4, Avg: 16.5, Max: 19.6, Diff: 11.2, Sum: 66.0]
         [Processed Buffers: Min: 78, Avg: 160.8, Max: 211, Diff: 133, Sum: 643]
      [Scan RS (ms): Min: 0.2, Avg: 0.3, Max: 0.4, Diff: 0.2, Sum: 1.2]
      [Code Root Scanning (ms): Min: 0.0, Avg: 0.0, Max: 0.0, Diff: 0.0, Sum: 0.1]
      [Object Copy (ms): Min: 3.1, Avg: 3.4, Max: 3.8, Diff: 0.7, Sum: 13.5]
      [Termination (ms): Min: 0.0, Avg: 0.0, Max: 0.0, Diff: 0.0, Sum: 0.0]
         [Termination Attempts: Min: 1, Avg: 1.0, Max: 1, Diff: 0, Sum: 4]
      [GC Worker Other (ms): Min: 0.0, Avg: 0.0, Max: 0.1, Diff: 0.1, Sum: 0.2]
      [GC Worker Total (ms): Min: 26.8, Avg: 27.3, Max: 27.5, Diff: 0.7, Sum: 109.0]
      [GC Worker End (ms): Min: 338304175.8, Avg: 338304175.8, Max: 338304175.8, Diff: 0.0]
   [Code Root Fixup: 0.1 ms]
   [Code Root Purge: 0.0 ms]
   [Clear CT: 0.3 ms]
   [Other: 27.5 ms]
      [Choose CSet: 0.0 ms]
      [Ref Proc: 24.5 ms]
      [Ref Enq: 0.1 ms]
      [Redirty Cards: 0.2 ms]
      [Humongous Register: 0.2 ms]
      [Humongous Reclaim: 0.8 ms]
      [Free CSet: 0.6 ms]
   [Eden: 390.0M(1216.0M)->0.0B(1210.0M) Survivors: 12.0M->18.0M Heap: 1065.0M(2048.0M)->426.8M(2048.0M)]
 [Times: user=0.15 sys=0.00, real=0.05 secs] 
2019-08-09T18:00:04.785+0800: 338304.203: [GC concurrent-root-region-scan-start]
2019-08-09T18:00:04.802+0800: 338304.221: [GC concurrent-root-region-scan-end, 0.0175817 secs]
2019-08-09T18:00:04.802+0800: 338304.221: [GC concurrent-mark-start]
2019-08-09T18:00:05.036+0800: 338304.455: [GC concurrent-mark-end, 0.2338671 secs]
2019-08-09T18:00:05.038+0800: 338304.457: [GC remark 2019-08-09T18:00:05.038+0800: 338304.457: [Finalize Marking, 0.0005932 secs] 2019-08-09T18:00:05.038+0800: 338304.457: [GC ref-proc, 0.0190842 secs] 2019-08-09T18:00:05.058+0800: 338304.476: [Unloading, 0.0294084 secs], 0.0504368 secs]
 [Times: user=0.00 sys=0.00, real=0.06 secs] 
2019-08-09T18:00:05.090+0800: 338304.508: [GC cleanup 1157M->1150M(2048M), 0.0034273 secs]
 [Times: user=0.00 sys=0.00, real=0.00 secs] 
2019-08-09T18:00:05.093+0800: 338304.512: [GC concurrent-cleanup-start]
2019-08-09T18:00:05.093+0800: 338304.512: [GC concurrent-cleanup-end, 0.0000376 secs]
2019-08-09T18:02:00.522+0800: 338419.941: [GC pause (G1 Evacuation Pause) (young) (to-space exhausted), 0.1803365 secs]
   [Parallel Time: 97.6 ms, GC Workers: 4]
      [GC Worker Start (ms): Min: 338419943.4, Avg: 338419943.5, Max: 338419943.6, Diff: 0.3]
      [Ext Root Scanning (ms): Min: 2.5, Avg: 2.9, Max: 3.4, Diff: 0.9, Sum: 11.7]
      [Update RS (ms): Min: 21.2, Avg: 22.4, Max: 23.4, Diff: 2.2, Sum: 89.4]
         [Processed Buffers: Min: 140, Avg: 151.2, Max: 167, Diff: 27, Sum: 605]
      [Scan RS (ms): Min: 0.0, Avg: 0.1, Max: 0.2, Diff: 0.2, Sum: 0.3]
      [Code Root Scanning (ms): Min: 0.0, Avg: 0.0, Max: 0.0, Diff: 0.0, Sum: 0.0]
      [Object Copy (ms): Min: 70.9, Avg: 72.0, Max: 73.2, Diff: 2.3, Sum: 287.8]
      [Termination (ms): Min: 0.0, Avg: 0.1, Max: 0.1, Diff: 0.1, Sum: 0.3]
         [Termination Attempts: Min: 1, Avg: 1.0, Max: 1, Diff: 0, Sum: 4]
      [GC Worker Other (ms): Min: 0.0, Avg: 0.0, Max: 0.1, Diff: 0.0, Sum: 0.1]
      [GC Worker Total (ms): Min: 97.3, Avg: 97.4, Max: 97.6, Diff: 0.3, Sum: 389.7]
      [GC Worker End (ms): Min: 338420040.9, Avg: 338420040.9, Max: 338420040.9, Diff: 0.0]
   [Code Root Fixup: 0.1 ms]
   [Code Root Purge: 0.0 ms]
   [Clear CT: 0.2 ms]
   [Other: 82.4 ms]
      [Evacuation Failure: 76.2 ms]
      [Choose CSet: 0.0 ms]
      [Ref Proc: 0.5 ms]
      [Ref Enq: 0.0 ms]
      [Redirty Cards: 0.4 ms]
      [Humongous Register: 2.3 ms]
      [Humongous Reclaim: 2.3 ms]
      [Free CSet: 0.2 ms]
   [Eden: 126.0M(1210.0M)->0.0B(256.0M) Survivors: 18.0M->0.0B Heap: 1294.9M(2048.0M)->525.8M(2048.0M)]
 [Times: user=0.57 sys=0.00, real=0.18 secs] 
2019-08-09T18:07:08.866+0800: 338728.285: [GC pause (G1 Evacuation Pause) (mixed), 0.0480232 secs]
   [Parallel Time: 21.3 ms, GC Workers: 4]
      [GC Worker Start (ms): Min: 338728285.4, Avg: 338728285.8, Max: 338728286.4, Diff: 1.0]
      [Ext Root Scanning (ms): Min: 2.1, Avg: 2.9, Max: 3.6, Diff: 1.5, Sum: 11.6]
      [Update RS (ms): Min: 12.7, Avg: 12.8, Max: 12.9, Diff: 0.2, Sum: 51.3]
         [Processed Buffers: Min: 45, Avg: 55.5, Max: 75, Diff: 30, Sum: 222]
      [Scan RS (ms): Min: 0.7, Avg: 0.8, Max: 0.8, Diff: 0.1, Sum: 3.1]
      [Code Root Scanning (ms): Min: 0.0, Avg: 0.0, Max: 0.1, Diff: 0.0, Sum: 0.1]
      [Object Copy (ms): Min: 4.0, Avg: 4.2, Max: 4.4, Diff: 0.4, Sum: 17.0]
      [Termination (ms): Min: 0.0, Avg: 0.0, Max: 0.0, Diff: 0.0, Sum: 0.0]
         [Termination Attempts: Min: 1, Avg: 1.0, Max: 1, Diff: 0, Sum: 4]
      [GC Worker Other (ms): Min: 0.0, Avg: 0.0, Max: 0.1, Diff: 0.0, Sum: 0.1]
      [GC Worker Total (ms): Min: 20.2, Avg: 20.8, Max: 21.2, Diff: 1.0, Sum: 83.2]
      [GC Worker End (ms): Min: 338728306.6, Avg: 338728306.6, Max: 338728306.6, Diff: 0.0]
   [Code Root Fixup: 0.2 ms]
   [Code Root Purge: 0.0 ms]
   [Clear CT: 0.4 ms]
   [Other: 26.2 ms]
      [Choose CSet: 0.2 ms]
      [Ref Proc: 24.2 ms]
      [Ref Enq: 0.0 ms]
      [Redirty Cards: 0.1 ms]
      [Humongous Register: 0.2 ms]
      [Humongous Reclaim: 0.0 ms]
      [Free CSet: 0.8 ms]
   [Eden: 256.0M(256.0M)->0.0B(1214.0M) Survivors: 0.0B->14.0M Heap: 781.8M(2048.0M)->373.4M(2048.0M)]
 [Times: user=0.13 sys=0.00, real=0.05 secs] 
2019-08-09T18:15:03.068+0800: 339202.486: [GC pause (G1 Humongous Allocation) (young) (initial-mark), 0.0737484 secs]
   [Parallel Time: 28.8 ms, GC Workers: 4]
      [GC Worker Start (ms): Min: 339202487.8, Avg: 339202490.6, Max: 339202493.3, Diff: 5.6]
      [Ext Root Scanning (ms): Min: 0.6, Avg: 3.6, Max: 5.7, Diff: 5.1, Sum: 14.6]
      [Update RS (ms): Min: 17.0, Avg: 18.6, Max: 19.1, Diff: 2.1, Sum: 74.3]
         [Processed Buffers: Min: 157, Avg: 197.5, Max: 238, Diff: 81, Sum: 790]
      [Scan RS (ms): Min: 0.2, Avg: 0.2, Max: 0.3, Diff: 0.1, Sum: 1.0]
      [Code Root Scanning (ms): Min: 0.0, Avg: 0.0, Max: 0.0, Diff: 0.0, Sum: 0.1]
      [Object Copy (ms): Min: 2.5, Avg: 2.8, Max: 3.2, Diff: 0.7, Sum: 11.4]
      [Termination (ms): Min: 0.0, Avg: 0.0, Max: 0.0, Diff: 0.0, Sum: 0.0]
         [Termination Attempts: Min: 1, Avg: 1.0, Max: 1, Diff: 0, Sum: 4]
      [GC Worker Other (ms): Min: 0.0, Avg: 0.0, Max: 0.1, Diff: 0.0, Sum: 0.2]
      [GC Worker Total (ms): Min: 22.6, Avg: 25.4, Max: 28.2, Diff: 5.6, Sum: 101.5]
      [GC Worker End (ms): Min: 339202515.9, Avg: 339202515.9, Max: 339202515.9, Diff: 0.0]
   [Code Root Fixup: 0.2 ms]
   [Code Root Purge: 0.0 ms]
   [Clear CT: 0.3 ms]
   [Other: 44.5 ms]
      [Choose CSet: 0.0 ms]
      [Ref Proc: 41.3 ms]
      [Ref Enq: 0.1 ms]
      [Redirty Cards: 0.3 ms]
      [Humongous Register: 0.1 ms]
      [Humongous Reclaim: 0.8 ms]
      [Free CSet: 0.6 ms]
   [Eden: 438.0M(1214.0M)->0.0B(1207.0M) Survivors: 14.0M->21.0M Heap: 1090.2M(2048.0M)->380.9M(2048.0M)]
 [Times: user=0.17 sys=0.00, real=0.08 secs] 
2019-08-09T18:15:03.142+0800: 339202.560: [GC concurrent-root-region-scan-start]
2019-08-09T18:15:03.166+0800: 339202.585: [GC concurrent-root-region-scan-end, 0.0241753 secs]
2019-08-09T18:15:03.166+0800: 339202.585: [GC concurrent-mark-start]
2019-08-09T18:15:03.391+0800: 339202.810: [GC concurrent-mark-end, 0.2250208 secs]
2019-08-09T18:15:03.393+0800: 339202.812: [GC remark 2019-08-09T18:15:03.393+0800: 339202.812: [Finalize Marking, 0.0006055 secs] 2019-08-09T18:15:03.394+0800: 339202.813: [GC ref-proc, 0.0144564 secs] 2019-08-09T18:15:03.408+0800: 339202.827: [Unloading, 0.0278207 secs], 0.0439854 secs]
 [Times: user=0.00 sys=0.00, real=0.04 secs] 
2019-08-09T18:15:03.439+0800: 339202.858: [GC cleanup 1089M->1080M(2048M), 0.0028724 secs]
 [Times: user=0.00 sys=0.00, real=0.00 secs] 
2019-08-09T18:15:03.442+0800: 339202.861: [GC concurrent-cleanup-start]
2019-08-09T18:15:03.442+0800: 339202.861: [GC concurrent-cleanup-end, 0.0000280 secs]
2019-08-09T18:19:34.045+0800: 339473.464: [GC pause (G1 Evacuation Pause) (young) (to-space exhausted), 0.3131536 secs]
   [Parallel Time: 152.3 ms, GC Workers: 4]
      [GC Worker Start (ms): Min: 339473476.9, Avg: 339473477.0, Max: 339473477.1, Diff: 0.2]
      [Ext Root Scanning (ms): Min: 2.4, Avg: 2.4, Max: 2.6, Diff: 0.2, Sum: 9.7]
      [Update RS (ms): Min: 19.7, Avg: 19.9, Max: 20.1, Diff: 0.4, Sum: 79.5]
         [Processed Buffers: Min: 174, Avg: 191.2, Max: 215, Diff: 41, Sum: 765]
      [Scan RS (ms): Min: 0.0, Avg: 0.3, Max: 1.0, Diff: 0.9, Sum: 1.3]
      [Code Root Scanning (ms): Min: 0.0, Avg: 0.0, Max: 0.0, Diff: 0.0, Sum: 0.0]
      [Object Copy (ms): Min: 129.0, Avg: 129.4, Max: 129.6, Diff: 0.7, Sum: 517.8]
      [Termination (ms): Min: 0.0, Avg: 0.0, Max: 0.1, Diff: 0.1, Sum: 0.2]
         [Termination Attempts: Min: 1, Avg: 1.2, Max: 2, Diff: 1, Sum: 5]
      [GC Worker Other (ms): Min: 0.0, Avg: 0.0, Max: 0.0, Diff: 0.0, Sum: 0.1]
      [GC Worker Total (ms): Min: 152.0, Avg: 152.1, Max: 152.2, Diff: 0.2, Sum: 608.5]
      [GC Worker End (ms): Min: 339473629.1, Avg: 339473629.1, Max: 339473629.1, Diff: 0.0]
   [Code Root Fixup: 0.2 ms]
   [Code Root Purge: 0.0 ms]
   [Clear CT: 0.2 ms]
   [Other: 160.4 ms]
      [Evacuation Failure: 129.1 ms]
      [Choose CSet: 0.0 ms]
      [Ref Proc: 15.1 ms]
      [Ref Enq: 0.0 ms]
      [Redirty Cards: 0.3 ms]
      [Humongous Register: 12.9 ms]
      [Humongous Reclaim: 2.2 ms]
      [Free CSet: 0.2 ms]
   [Eden: 251.0M(1207.0M)->0.0B(256.0M) Survivors: 21.0M->0.0B Heap: 1327.4M(2048.0M)->596.5M(2048.0M)]
 [Times: user=0.90 sys=0.00, real=0.32 secs] 
2019-08-09T18:25:11.725+0800: 339811.143: [GC pause (G1 Evacuation Pause) (mixed), 0.0557760 secs]
   [Parallel Time: 25.5 ms, GC Workers: 4]
      [GC Worker Start (ms): Min: 339811144.1, Avg: 339811144.2, Max: 339811144.3, Diff: 0.1]
      [Ext Root Scanning (ms): Min: 2.8, Avg: 3.0, Max: 3.1, Diff: 0.3, Sum: 11.9]
      [Update RS (ms): Min: 18.3, Avg: 18.3, Max: 18.3, Diff: 0.0, Sum: 73.3]
         [Processed Buffers: Min: 58, Avg: 67.0, Max: 79, Diff: 21, Sum: 268]
      [Scan RS (ms): Min: 0.7, Avg: 0.7, Max: 0.7, Diff: 0.0, Sum: 2.7]
      [Code Root Scanning (ms): Min: 0.0, Avg: 0.0, Max: 0.0, Diff: 0.0, Sum: 0.1]
      [Object Copy (ms): Min: 3.2, Avg: 3.3, Max: 3.4, Diff: 0.2, Sum: 13.1]
      [Termination (ms): Min: 0.0, Avg: 0.0, Max: 0.0, Diff: 0.0, Sum: 0.0]
         [Termination Attempts: Min: 1, Avg: 1.0, Max: 1, Diff: 0, Sum: 4]
      [GC Worker Other (ms): Min: 0.0, Avg: 0.0, Max: 0.1, Diff: 0.1, Sum: 0.2]
      [GC Worker Total (ms): Min: 25.3, Avg: 25.3, Max: 25.4, Diff: 0.1, Sum: 101.3]
      [GC Worker End (ms): Min: 339811169.5, Avg: 339811169.5, Max: 339811169.6, Diff: 0.1]
   [Code Root Fixup: 0.3 ms]
   [Code Root Purge: 0.0 ms]
   [Clear CT: 0.4 ms]
   [Other: 29.6 ms]
      [Choose CSet: 0.1 ms]
      [Ref Proc: 27.0 ms]
      [Ref Enq: 0.1 ms]
      [Redirty Cards: 0.2 ms]
      [Humongous Register: 0.2 ms]
      [Humongous Reclaim: 0.0 ms]
      [Free CSet: 1.4 ms]
   [Eden: 256.0M(256.0M)->0.0B(1213.0M) Survivors: 0.0B->15.0M Heap: 852.5M(2048.0M)->495.2M(2048.0M)]
 [Times: user=0.16 sys=0.00, real=0.06 secs] 
2019-08-09T18:30:02.309+0800: 340101.727: [GC pause (G1 Humongous Allocation) (young) (initial-mark), 0.0549376 secs]
   [Parallel Time: 31.7 ms, GC Workers: 4]
      [GC Worker Start (ms): Min: 340101728.8, Avg: 340101728.9, Max: 340101729.0, Diff: 0.2]
      [Ext Root Scanning (ms): Min: 3.6, Avg: 3.9, Max: 4.6, Diff: 1.0, Sum: 15.8]
      [Update RS (ms): Min: 24.5, Avg: 24.5, Max: 24.5, Diff: 0.0, Sum: 98.1]
         [Processed Buffers: Min: 191, Avg: 197.5, Max: 203, Diff: 12, Sum: 790]
      [Scan RS (ms): Min: 0.1, Avg: 0.2, Max: 0.2, Diff: 0.1, Sum: 0.6]
      [Code Root Scanning (ms): Min: 0.0, Avg: 0.0, Max: 0.0, Diff: 0.0, Sum: 0.0]
      [Object Copy (ms): Min: 1.7, Avg: 2.4, Max: 2.8, Diff: 1.1, Sum: 9.7]
      [Termination (ms): Min: 0.0, Avg: 0.0, Max: 0.0, Diff: 0.0, Sum: 0.0]
         [Termination Attempts: Min: 1, Avg: 1.0, Max: 1, Diff: 0, Sum: 4]
      [GC Worker Other (ms): Min: 0.0, Avg: 0.0, Max: 0.1, Diff: 0.0, Sum: 0.1]
      [GC Worker Total (ms): Min: 31.0, Avg: 31.1, Max: 31.2, Diff: 0.2, Sum: 124.4]
      [GC Worker End (ms): Min: 340101760.0, Avg: 340101760.0, Max: 340101760.0, Diff: 0.0]
   [Code Root Fixup: 0.1 ms]
   [Code Root Purge: 0.0 ms]
   [Clear CT: 0.4 ms]
   [Other: 22.7 ms]
      [Choose CSet: 0.0 ms]
      [Ref Proc: 20.0 ms]
      [Ref Enq: 0.1 ms]
      [Redirty Cards: 0.2 ms]
      [Humongous Register: 0.2 ms]
      [Humongous Reclaim: 0.6 ms]
      [Free CSet: 0.4 ms]
   [Eden: 238.0M(1213.0M)->0.0B(1213.0M) Survivors: 15.0M->15.0M Heap: 945.2M(2048.0M)->495.2M(2048.0M)]
 [Times: user=0.18 sys=0.00, real=0.05 secs] 
2019-08-09T18:30:02.364+0800: 340101.783: [GC concurrent-root-region-scan-start]
2019-08-09T18:30:02.380+0800: 340101.798: [GC concurrent-root-region-scan-end, 0.0157092 secs]
2019-08-09T18:30:02.380+0800: 340101.798: [GC concurrent-mark-start]
2019-08-09T18:30:02.608+0800: 340102.027: [GC concurrent-mark-end, 0.2284584 secs]
2019-08-09T18:30:02.622+0800: 340102.040: [GC remark 2019-08-09T18:30:02.622+0800: 340102.040: [Finalize Marking, 0.0006273 secs] 2019-08-09T18:30:02.622+0800: 340102.041: [GC ref-proc, 0.0279246 secs] 2019-08-09T18:30:02.650+0800: 340102.069: [Unloading, 0.0263078 secs], 0.0559842 secs]
 [Times: user=0.00 sys=0.00, real=0.05 secs] 
2019-08-09T18:30:02.680+0800: 340102.099: [GC cleanup 1008M->987M(2048M), 0.0024773 secs]
 [Times: user=0.00 sys=0.00, real=0.00 secs] 
2019-08-09T18:30:02.683+0800: 340102.102: [GC concurrent-cleanup-start]
2019-08-09T18:30:02.683+0800: 340102.102: [GC concurrent-cleanup-end, 0.0000566 secs]
2019-08-09T18:30:02.772+0800: 340102.191: [GC pause (G1 Humongous Allocation) (young), 0.0488714 secs]
   [Parallel Time: 44.4 ms, GC Workers: 4]
      [GC Worker Start (ms): Min: 340102191.7, Avg: 340102191.8, Max: 340102191.8, Diff: 0.1]
      [Ext Root Scanning (ms): Min: 2.9, Avg: 3.1, Max: 3.3, Diff: 0.4, Sum: 12.4]
      [Update RS (ms): Min: 39.2, Avg: 39.3, Max: 39.6, Diff: 0.4, Sum: 157.4]
         [Processed Buffers: Min: 215, Avg: 284.2, Max: 377, Diff: 162, Sum: 1137]
      [Scan RS (ms): Min: 0.0, Avg: 0.1, Max: 0.2, Diff: 0.2, Sum: 0.3]
      [Code Root Scanning (ms): Min: 0.0, Avg: 0.0, Max: 0.0, Diff: 0.0, Sum: 0.0]
      [Object Copy (ms): Min: 1.3, Avg: 1.6, Max: 1.7, Diff: 0.4, Sum: 6.3]
      [Termination (ms): Min: 0.0, Avg: 0.0, Max: 0.0, Diff: 0.0, Sum: 0.0]
         [Termination Attempts: Min: 1, Avg: 1.0, Max: 1, Diff: 0, Sum: 4]
      [GC Worker Other (ms): Min: 0.0, Avg: 0.0, Max: 0.1, Diff: 0.0, Sum: 0.1]
      [GC Worker Total (ms): Min: 44.1, Avg: 44.1, Max: 44.2, Diff: 0.1, Sum: 176.5]
      [GC Worker End (ms): Min: 340102235.9, Avg: 340102235.9, Max: 340102235.9, Diff: 0.0]
   [Code Root Fixup: 0.1 ms]
   [Code Root Purge: 0.0 ms]
   [Clear CT: 0.2 ms]
   [Other: 4.2 ms]
      [Choose CSet: 0.0 ms]
      [Ref Proc: 1.1 ms]
      [Ref Enq: 0.0 ms]
      [Redirty Cards: 0.1 ms]
      [Humongous Register: 0.3 ms]
      [Humongous Reclaim: 2.2 ms]
      [Free CSet: 0.1 ms]
   [Eden: 4096.0K(1213.0M)->0.0B(252.0M) Survivors: 15.0M->4096.0K Heap: 1221.8M(2048.0M)->463.7M(2048.0M)]
 [Times: user=0.00 sys=0.00, real=0.05 secs] 
2019-08-09T18:34:53.657+0800: 340393.075: [GC pause (G1 Evacuation Pause) (mixed), 0.0438045 secs]
   [Parallel Time: 14.2 ms, GC Workers: 4]
      [GC Worker Start (ms): Min: 340393076.3, Avg: 340393076.4, Max: 340393076.5, Diff: 0.2]
      [Ext Root Scanning (ms): Min: 2.9, Avg: 3.0, Max: 3.2, Diff: 0.4, Sum: 12.0]
      [Update RS (ms): Min: 4.6, Avg: 4.6, Max: 4.6, Diff: 0.0, Sum: 18.4]
         [Processed Buffers: Min: 49, Avg: 56.2, Max: 65, Diff: 16, Sum: 225]
      [Scan RS (ms): Min: 1.3, Avg: 1.3, Max: 1.3, Diff: 0.0, Sum: 5.4]
      [Code Root Scanning (ms): Min: 0.0, Avg: 0.0, Max: 0.0, Diff: 0.0, Sum: 0.1]
      [Object Copy (ms): Min: 4.9, Avg: 5.1, Max: 5.2, Diff: 0.3, Sum: 20.2]
      [Termination (ms): Min: 0.0, Avg: 0.0, Max: 0.0, Diff: 0.0, Sum: 0.0]
         [Termination Attempts: Min: 1, Avg: 1.2, Max: 2, Diff: 1, Sum: 5]
      [GC Worker Other (ms): Min: 0.0, Avg: 0.0, Max: 0.0, Diff: 0.0, Sum: 0.1]
      [GC Worker Total (ms): Min: 13.9, Avg: 14.0, Max: 14.2, Diff: 0.2, Sum: 56.2]
      [GC Worker End (ms): Min: 340393090.4, Avg: 340393090.4, Max: 340393090.4, Diff: 0.0]
   [Code Root Fixup: 0.2 ms]
   [Code Root Purge: 0.0 ms]
   [Clear CT: 0.8 ms]
   [Other: 28.6 ms]
      [Choose CSet: 0.2 ms]
      [Ref Proc: 26.2 ms]
      [Ref Enq: 0.0 ms]
      [Redirty Cards: 0.3 ms]
      [Humongous Register: 0.2 ms]
      [Humongous Reclaim: 0.1 ms]
      [Free CSet: 0.9 ms]
   [Eden: 252.0M(252.0M)->0.0B(241.0M) Survivors: 4096.0K->15.0M Heap: 722.7M(2048.0M)->271.7M(2048.0M)]
 [Times: user=0.11 sys=0.00, real=0.05 secs] 
2019-08-09T18:40:21.067+0800: 340720.486: [GC pause (G1 Evacuation Pause) (mixed), 0.0449850 secs]
   [Parallel Time: 13.6 ms, GC Workers: 4]
      [GC Worker Start (ms): Min: 340720486.4, Avg: 340720486.5, Max: 340720486.5, Diff: 0.2]
      [Ext Root Scanning (ms): Min: 2.9, Avg: 3.3, Max: 3.6, Diff: 0.8, Sum: 13.1]
      [Update RS (ms): Min: 6.0, Avg: 6.0, Max: 6.1, Diff: 0.0, Sum: 24.2]
         [Processed Buffers: Min: 37, Avg: 45.5, Max: 55, Diff: 18, Sum: 182]
      [Scan RS (ms): Min: 0.3, Avg: 0.3, Max: 0.3, Diff: 0.0, Sum: 1.2]
      [Code Root Scanning (ms): Min: 0.0, Avg: 0.0, Max: 0.1, Diff: 0.1, Sum: 0.1]
      [Object Copy (ms): Min: 3.4, Avg: 3.6, Max: 3.7, Diff: 0.3, Sum: 14.3]
      [Termination (ms): Min: 0.0, Avg: 0.0, Max: 0.0, Diff: 0.0, Sum: 0.0]
         [Termination Attempts: Min: 1, Avg: 1.0, Max: 1, Diff: 0, Sum: 4]
      [GC Worker Other (ms): Min: 0.0, Avg: 0.2, Max: 0.7, Diff: 0.7, Sum: 0.9]
      [GC Worker Total (ms): Min: 13.3, Avg: 13.4, Max: 13.5, Diff: 0.2, Sum: 53.7]
      [GC Worker End (ms): Min: 340720499.9, Avg: 340720499.9, Max: 340720499.9, Diff: 0.0]
   [Code Root Fixup: 0.2 ms]
   [Code Root Purge: 0.0 ms]
   [Clear CT: 0.3 ms]
   [Other: 30.9 ms]
      [Choose CSet: 0.0 ms]
      [Ref Proc: 29.2 ms]
      [Ref Enq: 0.0 ms]
      [Redirty Cards: 0.2 ms]
      [Humongous Register: 0.2 ms]
      [Humongous Reclaim: 0.0 ms]
      [Free CSet: 0.5 ms]
   [Eden: 241.0M(241.0M)->0.0B(1212.0M) Survivors: 15.0M->16.0M Heap: 512.7M(2048.0M)->253.8M(2048.0M)]
 [Times: user=0.10 sys=0.00, real=0.05 secs] 
2019-08-09T18:45:03.312+0800: 341002.731: [GC pause (G1 Humongous Allocation) (young) (initial-mark), 0.0594152 secs]
   [Parallel Time: 33.7 ms, GC Workers: 4]
      [GC Worker Start (ms): Min: 341002732.4, Avg: 341002732.5, Max: 341002732.6, Diff: 0.2]
      [Ext Root Scanning (ms): Min: 2.9, Avg: 3.1, Max: 3.2, Diff: 0.4, Sum: 12.5]
      [Update RS (ms): Min: 27.0, Avg: 27.0, Max: 27.0, Diff: 0.0, Sum: 107.9]
         [Processed Buffers: Min: 199, Avg: 213.8, Max: 246, Diff: 47, Sum: 855]
      [Scan RS (ms): Min: 0.1, Avg: 0.1, Max: 0.1, Diff: 0.0, Sum: 0.4]
      [Code Root Scanning (ms): Min: 0.0, Avg: 0.0, Max: 0.0, Diff: 0.0, Sum: 0.0]
      [Object Copy (ms): Min: 1.9, Avg: 2.0, Max: 2.2, Diff: 0.3, Sum: 8.1]
      [Termination (ms): Min: 0.0, Avg: 0.0, Max: 0.0, Diff: 0.0, Sum: 0.0]
         [Termination Attempts: Min: 1, Avg: 1.0, Max: 1, Diff: 0, Sum: 4]
      [GC Worker Other (ms): Min: 0.0, Avg: 0.0, Max: 0.1, Diff: 0.0, Sum: 0.1]
      [GC Worker Total (ms): Min: 32.2, Avg: 32.3, Max: 32.4, Diff: 0.2, Sum: 129.1]
      [GC Worker End (ms): Min: 341002764.8, Avg: 341002764.8, Max: 341002764.8, Diff: 0.0]
   [Code Root Fixup: 0.1 ms]
   [Code Root Purge: 0.0 ms]
   [Clear CT: 0.3 ms]
   [Other: 25.3 ms]
      [Choose CSet: 0.0 ms]
      [Ref Proc: 21.7 ms]
      [Ref Enq: 0.0 ms]
      [Redirty Cards: 0.2 ms]
      [Humongous Register: 0.1 ms]
      [Humongous Reclaim: 1.7 ms]
      [Free CSet: 0.4 ms]
   [Eden: 219.0M(1212.0M)->0.0B(1213.0M) Survivors: 16.0M->15.0M Heap: 806.4M(2048.0M)->252.3M(2048.0M)]
 [Times: user=0.18 sys=0.00, real=0.06 secs] 
2019-08-09T18:45:03.372+0800: 341002.790: [GC concurrent-root-region-scan-start]
2019-08-09T18:45:03.387+0800: 341002.806: [GC concurrent-root-region-scan-end, 0.0156924 secs]
2019-08-09T18:45:03.387+0800: 341002.806: [GC concurrent-mark-start]
2019-08-09T18:45:03.594+0800: 341003.013: [GC concurrent-mark-end, 0.2070229 secs]
2019-08-09T18:45:03.596+0800: 341003.015: [GC remark 2019-08-09T18:45:03.596+0800: 341003.015: [Finalize Marking, 0.0004711 secs] 2019-08-09T18:45:03.596+0800: 341003.015: [GC ref-proc, 0.0017665 secs] 2019-08-09T18:45:03.598+0800: 341003.017: [Unloading, 0.0271978 secs], 0.0305527 secs]
 [Times: user=0.00 sys=0.00, real=0.03 secs] 
2019-08-09T18:45:03.628+0800: 341003.047: [GC cleanup 885M->883M(2048M), 0.0029287 secs]
 [Times: user=0.00 sys=0.00, real=0.01 secs] 
2019-08-09T18:45:03.631+0800: 341003.050: [GC concurrent-cleanup-start]
2019-08-09T18:45:03.631+0800: 341003.050: [GC concurrent-cleanup-end, 0.0000310 secs]
2019-08-09T18:56:00.700+0800: 341660.119: [GC pause (G1 Evacuation Pause) (young) (to-space exhausted), 0.5720128 secs]
   [Parallel Time: 245.9 ms, GC Workers: 4]
      [GC Worker Start (ms): Min: 341660122.3, Avg: 341660122.5, Max: 341660122.5, Diff: 0.2]
      [Ext Root Scanning (ms): Min: 3.1, Avg: 3.3, Max: 3.5, Diff: 0.4, Sum: 13.3]
      [Update RS (ms): Min: 19.7, Avg: 19.8, Max: 19.9, Diff: 0.2, Sum: 79.1]
         [Processed Buffers: Min: 125, Avg: 138.0, Max: 158, Diff: 33, Sum: 552]
      [Scan RS (ms): Min: 0.1, Avg: 0.3, Max: 0.4, Diff: 0.2, Sum: 1.1]
      [Code Root Scanning (ms): Min: 0.0, Avg: 0.0, Max: 0.0, Diff: 0.0, Sum: 0.1]
      [Object Copy (ms): Min: 222.2, Avg: 222.3, Max: 222.4, Diff: 0.2, Sum: 889.2]
      [Termination (ms): Min: 0.0, Avg: 0.0, Max: 0.1, Diff: 0.1, Sum: 0.1]
         [Termination Attempts: Min: 1, Avg: 1.0, Max: 1, Diff: 0, Sum: 4]
      [GC Worker Other (ms): Min: 0.0, Avg: 0.0, Max: 0.0, Diff: 0.0, Sum: 0.1]
      [GC Worker Total (ms): Min: 245.7, Avg: 245.7, Max: 245.8, Diff: 0.2, Sum: 983.0]
      [GC Worker End (ms): Min: 341660368.2, Avg: 341660368.2, Max: 341660368.2, Diff: 0.0]
   [Code Root Fixup: 0.2 ms]
   [Code Root Purge: 0.0 ms]
   [Clear CT: 0.3 ms]
   [Other: 325.6 ms]
      [Evacuation Failure: 308.4 ms]
      [Choose CSet: 0.0 ms]
      [Ref Proc: 8.7 ms]
      [Ref Enq: 0.1 ms]
      [Redirty Cards: 0.5 ms]
      [Humongous Register: 2.9 ms]
      [Humongous Reclaim: 4.1 ms]
      [Free CSet: 0.4 ms]
   [Eden: 523.0M(1213.0M)->0.0B(256.0M) Survivors: 15.0M->0.0B Heap: 1402.3M(2048.0M)->758.5M(2048.0M)]
 [Times: user=1.82 sys=0.00, real=0.57 secs] 
2019-08-09T19:00:03.485+0800: 341902.904: [GC pause (G1 Humongous Allocation) (mixed) (to-space exhausted), 0.2961929 secs]
   [Parallel Time: 148.3 ms, GC Workers: 4]
      [GC Worker Start (ms): Min: 341902904.7, Avg: 341902904.8, Max: 341902904.9, Diff: 0.2]
      [Ext Root Scanning (ms): Min: 1.6, Avg: 2.8, Max: 4.0, Diff: 2.5, Sum: 11.3]
      [Update RS (ms): Min: 30.6, Avg: 30.6, Max: 30.7, Diff: 0.1, Sum: 122.6]
         [Processed Buffers: Min: 179, Avg: 218.0, Max: 238, Diff: 59, Sum: 872]
      [Scan RS (ms): Min: 0.4, Avg: 0.5, Max: 0.5, Diff: 0.1, Sum: 1.9]
      [Code Root Scanning (ms): Min: 0.0, Avg: 0.0, Max: 0.0, Diff: 0.0, Sum: 0.0]
      [Object Copy (ms): Min: 112.9, Avg: 114.0, Max: 115.3, Diff: 2.3, Sum: 456.2]
      [Termination (ms): Min: 0.0, Avg: 0.0, Max: 0.1, Diff: 0.1, Sum: 0.1]
         [Termination Attempts: Min: 1, Avg: 1.0, Max: 1, Diff: 0, Sum: 4]
      [GC Worker Other (ms): Min: 0.0, Avg: 0.0, Max: 0.1, Diff: 0.0, Sum: 0.1]
      [GC Worker Total (ms): Min: 147.9, Avg: 148.0, Max: 148.1, Diff: 0.2, Sum: 592.1]
      [GC Worker End (ms): Min: 341903052.8, Avg: 341903052.8, Max: 341903052.8, Diff: 0.0]
   [Code Root Fixup: 0.1 ms]
   [Code Root Purge: 0.0 ms]
   [Clear CT: 0.3 ms]
   [Other: 147.5 ms]
      [Evacuation Failure: 143.7 ms]
      [Choose CSet: 0.0 ms]
      [Ref Proc: 0.2 ms]
      [Ref Enq: 0.0 ms]
      [Redirty Cards: 0.4 ms]
      [Humongous Register: 0.2 ms]
      [Humongous Reclaim: 2.3 ms]
      [Free CSet: 0.3 ms]
   [Eden: 243.0M(256.0M)->0.0B(830.0M) Survivors: 0.0B->1024.0K Heap: 1516.4M(2048.0M)->976.4M(2048.0M)]
 [Times: user=0.97 sys=0.00, real=0.30 secs] 
2019-08-09T19:00:03.785+0800: 341903.203: [GC pause (G1 Humongous Allocation) (young) (initial-mark), 0.0199416 secs]
   [Parallel Time: 17.3 ms, GC Workers: 4]
      [GC Worker Start (ms): Min: 341903204.6, Avg: 341903204.7, Max: 341903204.9, Diff: 0.3]
      [Ext Root Scanning (ms): Min: 3.5, Avg: 3.8, Max: 4.0, Diff: 0.5, Sum: 15.3]
      [Update RS (ms): Min: 12.0, Avg: 12.1, Max: 12.3, Diff: 0.4, Sum: 48.2]
         [Processed Buffers: Min: 14, Avg: 29.8, Max: 48, Diff: 34, Sum: 119]
      [Scan RS (ms): Min: 0.0, Avg: 0.0, Max: 0.0, Diff: 0.0, Sum: 0.0]
      [Code Root Scanning (ms): Min: 0.0, Avg: 0.0, Max: 0.0, Diff: 0.0, Sum: 0.0]
      [Object Copy (ms): Min: 0.5, Avg: 0.6, Max: 0.8, Diff: 0.3, Sum: 2.5]
      [Termination (ms): Min: 0.0, Avg: 0.0, Max: 0.0, Diff: 0.0, Sum: 0.1]
         [Termination Attempts: Min: 1, Avg: 1.0, Max: 1, Diff: 0, Sum: 4]
      [GC Worker Other (ms): Min: 0.0, Avg: 0.0, Max: 0.0, Diff: 0.0, Sum: 0.1]
      [GC Worker Total (ms): Min: 16.4, Avg: 16.6, Max: 16.7, Diff: 0.3, Sum: 66.2]
      [GC Worker End (ms): Min: 341903221.3, Avg: 341903221.3, Max: 341903221.3, Diff: 0.0]
   [Code Root Fixup: 0.2 ms]
   [Code Root Purge: 0.0 ms]
   [Clear CT: 0.2 ms]
   [Other: 2.3 ms]
      [Choose CSet: 0.0 ms]
      [Ref Proc: 0.4 ms]
      [Ref Enq: 0.0 ms]
      [Redirty Cards: 0.3 ms]
      [Humongous Register: 0.1 ms]
      [Humongous Reclaim: 0.1 ms]
      [Free CSet: 0.2 ms]
   [Eden: 1024.0K(830.0M)->0.0B(833.0M) Survivors: 1024.0K->3072.0K Heap: 977.9M(2048.0M)->978.2M(2048.0M)]
 [Times: user=0.00 sys=0.00, real=0.02 secs] 
2019-08-09T19:00:03.805+0800: 341903.224: [GC concurrent-root-region-scan-start]
2019-08-09T19:00:03.808+0800: 341903.227: [GC concurrent-root-region-scan-end, 0.0032387 secs]
2019-08-09T19:00:03.808+0800: 341903.227: [GC concurrent-mark-start]
2019-08-09T19:00:04.047+0800: 341903.466: [GC concurrent-mark-end, 0.2387249 secs]
2019-08-09T19:00:04.049+0800: 341903.468: [GC remark 2019-08-09T19:00:04.049+0800: 341903.468: [Finalize Marking, 0.0005320 secs] 2019-08-09T19:00:04.050+0800: 341903.468: [GC ref-proc, 0.0771077 secs] 2019-08-09T19:00:04.127+0800: 341903.546: [Unloading, 0.0379938 secs], 0.1193377 secs]
 [Times: user=0.00 sys=0.00, real=0.12 secs] 
2019-08-09T19:00:04.170+0800: 341903.589: [GC cleanup 1429M->1361M(2048M), 0.0051878 secs]
 [Times: user=0.00 sys=0.00, real=0.00 secs] 
2019-08-09T19:00:04.175+0800: 341903.594: [GC concurrent-cleanup-start]
2019-08-09T19:00:04.175+0800: 341903.594: [GC concurrent-cleanup-end, 0.0000995 secs]
2019-08-09T19:03:48.955+0800: 342128.374: [GC pause (G1 Evacuation Pause) (young) (to-space exhausted), 0.2727676 secs]
   [Parallel Time: 149.4 ms, GC Workers: 4]
      [GC Worker Start (ms): Min: 342128376.6, Avg: 342128376.7, Max: 342128376.7, Diff: 0.1]
      [Ext Root Scanning (ms): Min: 2.4, Avg: 3.1, Max: 3.9, Diff: 1.5, Sum: 12.4]
      [Update RS (ms): Min: 18.4, Avg: 18.6, Max: 18.7, Diff: 0.4, Sum: 74.3]
         [Processed Buffers: Min: 97, Avg: 132.5, Max: 166, Diff: 69, Sum: 530]
      [Scan RS (ms): Min: 0.0, Avg: 0.2, Max: 0.4, Diff: 0.4, Sum: 0.7]
      [Code Root Scanning (ms): Min: 0.0, Avg: 0.0, Max: 0.0, Diff: 0.0, Sum: 0.0]
      [Object Copy (ms): Min: 126.6, Avg: 127.3, Max: 127.9, Diff: 1.4, Sum: 509.1]
      [Termination (ms): Min: 0.0, Avg: 0.0, Max: 0.1, Diff: 0.1, Sum: 0.1]
         [Termination Attempts: Min: 1, Avg: 1.0, Max: 1, Diff: 0, Sum: 4]
      [GC Worker Other (ms): Min: 0.0, Avg: 0.0, Max: 0.1, Diff: 0.1, Sum: 0.2]
      [GC Worker Total (ms): Min: 149.2, Avg: 149.2, Max: 149.3, Diff: 0.1, Sum: 596.9]
      [GC Worker End (ms): Min: 342128525.9, Avg: 342128525.9, Max: 342128525.9, Diff: 0.0]
   [Code Root Fixup: 0.1 ms]
   [Code Root Purge: 0.0 ms]
   [Clear CT: 0.3 ms]
   [Other: 123.0 ms]
      [Evacuation Failure: 117.9 ms]
      [Choose CSet: 0.0 ms]
      [Ref Proc: 0.4 ms]
      [Ref Enq: 0.0 ms]
      [Redirty Cards: 0.2 ms]
      [Humongous Register: 2.0 ms]
      [Humongous Reclaim: 1.5 ms]
      [Free CSet: 0.2 ms]
   [Eden: 229.0M(833.0M)->0.0B(256.0M) Survivors: 3072.0K->0.0B Heap: 1586.7M(2048.0M)->1112.7M(2048.0M)]
 [Times: user=0.79 sys=0.00, real=0.28 secs] 
2019-08-09T19:09:29.028+0800: 342468.447: [GC pause (G1 Evacuation Pause) (mixed), 0.0687816 secs]
   [Parallel Time: 25.5 ms, GC Workers: 4]
      [GC Worker Start (ms): Min: 342468449.0, Avg: 342468449.3, Max: 342468450.0, Diff: 1.0]
      [Ext Root Scanning (ms): Min: 2.2, Avg: 2.7, Max: 3.1, Diff: 1.0, Sum: 10.9]
      [Update RS (ms): Min: 18.0, Avg: 18.0, Max: 18.1, Diff: 0.0, Sum: 72.2]
         [Processed Buffers: Min: 53, Avg: 62.2, Max: 67, Diff: 14, Sum: 249]
      [Scan RS (ms): Min: 0.8, Avg: 1.0, Max: 1.5, Diff: 0.7, Sum: 3.9]
      [Code Root Scanning (ms): Min: 0.0, Avg: 0.0, Max: 0.0, Diff: 0.0, Sum: 0.1]
      [Object Copy (ms): Min: 2.4, Avg: 3.1, Max: 3.3, Diff: 0.9, Sum: 12.2]
      [Termination (ms): Min: 0.0, Avg: 0.0, Max: 0.0, Diff: 0.0, Sum: 0.0]
         [Termination Attempts: Min: 1, Avg: 1.2, Max: 2, Diff: 1, Sum: 5]
      [GC Worker Other (ms): Min: 0.0, Avg: 0.1, Max: 0.1, Diff: 0.1, Sum: 0.3]
      [GC Worker Total (ms): Min: 24.2, Avg: 24.9, Max: 25.1, Diff: 0.9, Sum: 99.5]
      [GC Worker End (ms): Min: 342468474.1, Avg: 342468474.2, Max: 342468474.2, Diff: 0.1]
   [Code Root Fixup: 0.2 ms]
   [Code Root Purge: 0.0 ms]
   [Clear CT: 0.3 ms]
   [Other: 42.8 ms]
      [Choose CSet: 0.2 ms]
      [Ref Proc: 39.0 ms]
      [Ref Enq: 0.1 ms]
      [Redirty Cards: 0.2 ms]
      [Humongous Register: 0.9 ms]
      [Humongous Reclaim: 0.1 ms]
      [Free CSet: 0.8 ms]
   [Eden: 256.0M(256.0M)->0.0B(241.0M) Survivors: 0.0B->15.0M Heap: 1368.7M(2048.0M)->922.2M(2048.0M)]
 [Times: user=0.18 sys=0.00, real=0.07 secs] 

 # hc_backend
 2019-08-09T08:12:12.730+0800: 647797.527: [GC pause (G1 Evacuation Pause) (young), 0.0231717 secs]
   [Parallel Time: 11.1 ms, GC Workers: 4]
      [GC Worker Start (ms): Min: 647797527.9, Avg: 647797528.0, Max: 647797528.0, Diff: 0.1]
      [Ext Root Scanning (ms): Min: 2.0, Avg: 2.2, Max: 2.3, Diff: 0.3, Sum: 8.6]
      [Update RS (ms): Min: 3.1, Avg: 4.4, Max: 8.1, Diff: 5.0, Sum: 17.5]
         [Processed Buffers: Min: 1, Avg: 43.8, Max: 74, Diff: 73, Sum: 175]
      [Scan RS (ms): Min: 0.2, Avg: 0.6, Max: 0.8, Diff: 0.6, Sum: 2.6]
      [Code Root Scanning (ms): Min: 0.0, Avg: 0.1, Max: 0.1, Diff: 0.1, Sum: 0.2]
      [Object Copy (ms): Min: 0.1, Avg: 3.3, Max: 4.8, Diff: 4.7, Sum: 13.2]
      [Termination (ms): Min: 0.0, Avg: 0.3, Max: 0.5, Diff: 0.5, Sum: 1.3]
         [Termination Attempts: Min: 1, Avg: 5.0, Max: 11, Diff: 10, Sum: 20]
      [GC Worker Other (ms): Min: 0.0, Avg: 0.0, Max: 0.1, Diff: 0.0, Sum: 0.2]
      [GC Worker Total (ms): Min: 10.8, Avg: 10.9, Max: 11.0, Diff: 0.2, Sum: 43.5]
      [GC Worker End (ms): Min: 647797538.8, Avg: 647797538.9, Max: 647797538.9, Diff: 0.1]
   [Code Root Fixup: 0.2 ms]
   [Code Root Purge: 0.0 ms]
   [Clear CT: 0.7 ms]
   [Other: 11.1 ms]
      [Choose CSet: 0.0 ms]
      [Ref Proc: 7.8 ms]
      [Ref Enq: 0.3 ms]
      [Redirty Cards: 0.2 ms]
      [Humongous Register: 0.2 ms]
      [Humongous Reclaim: 0.1 ms]
      [Free CSet: 2.1 ms]
   [Eden: 1836.0M(1836.0M)->0.0B(1837.0M) Survivors: 7168.0K->6144.0K Heap: 2090.7M(3072.0M)->254.3M(3072.0M)]
 [Times: user=0.05 sys=0.00, real=0.02 secs] 
2019-08-09T09:00:05.895+0800: 650670.693: [GC pause (G1 Evacuation Pause) (young), 0.0238631 secs]
   [Parallel Time: 12.4 ms, GC Workers: 4]
      [GC Worker Start (ms): Min: 650670694.0, Avg: 650670694.5, Max: 650670695.1, Diff: 1.1]
      [Ext Root Scanning (ms): Min: 2.2, Avg: 2.7, Max: 3.3, Diff: 1.1, Sum: 10.9]
      [Update RS (ms): Min: 2.7, Avg: 2.7, Max: 2.7, Diff: 0.0, Sum: 10.9]
         [Processed Buffers: Min: 31, Avg: 43.2, Max: 63, Diff: 32, Sum: 173]
      [Scan RS (ms): Min: 0.8, Avg: 0.8, Max: 0.9, Diff: 0.1, Sum: 3.3]
      [Code Root Scanning (ms): Min: 0.0, Avg: 0.1, Max: 0.1, Diff: 0.0, Sum: 0.2]
      [Object Copy (ms): Min: 5.1, Avg: 5.3, Max: 5.4, Diff: 0.3, Sum: 21.1]
      [Termination (ms): Min: 0.0, Avg: 0.0, Max: 0.0, Diff: 0.0, Sum: 0.0]
         [Termination Attempts: Min: 1, Avg: 10.2, Max: 24, Diff: 23, Sum: 41]
      [GC Worker Other (ms): Min: 0.0, Avg: 0.1, Max: 0.1, Diff: 0.1, Sum: 0.3]
      [GC Worker Total (ms): Min: 11.1, Avg: 11.7, Max: 12.2, Diff: 1.1, Sum: 46.7]
      [GC Worker End (ms): Min: 650670706.1, Avg: 650670706.2, Max: 650670706.2, Diff: 0.1]
   [Code Root Fixup: 0.1 ms]
   [Code Root Purge: 0.0 ms]
   [Clear CT: 0.7 ms]
   [Other: 10.7 ms]
      [Choose CSet: 0.0 ms]
      [Ref Proc: 7.3 ms]
      [Ref Enq: 0.2 ms]
      [Redirty Cards: 0.2 ms]
      [Humongous Register: 0.2 ms]
      [Humongous Reclaim: 0.1 ms]
      [Free CSet: 2.2 ms]
   [Eden: 1837.0M(1837.0M)->0.0B(1837.0M) Survivors: 6144.0K->6144.0K Heap: 2094.3M(3072.0M)->254.5M(3072.0M)]
 [Times: user=0.06 sys=0.00, real=0.03 secs] 
2019-08-09T09:40:19.687+0800: 653084.485: [GC pause (G1 Evacuation Pause) (young), 0.0206714 secs]
   [Parallel Time: 10.6 ms, GC Workers: 4]
      [GC Worker Start (ms): Min: 653084485.4, Avg: 653084485.5, Max: 653084485.6, Diff: 0.2]
      [Ext Root Scanning (ms): Min: 2.1, Avg: 2.2, Max: 2.4, Diff: 0.3, Sum: 8.9]
      [Update RS (ms): Min: 2.7, Avg: 2.7, Max: 2.8, Diff: 0.0, Sum: 11.0]
         [Processed Buffers: Min: 40, Avg: 47.2, Max: 64, Diff: 24, Sum: 189]
      [Scan RS (ms): Min: 0.6, Avg: 0.6, Max: 0.6, Diff: 0.1, Sum: 2.5]
      [Code Root Scanning (ms): Min: 0.0, Avg: 0.1, Max: 0.1, Diff: 0.1, Sum: 0.3]
      [Object Copy (ms): Min: 4.5, Avg: 4.6, Max: 4.7, Diff: 0.2, Sum: 18.2]
      [Termination (ms): Min: 0.0, Avg: 0.0, Max: 0.0, Diff: 0.0, Sum: 0.0]
         [Termination Attempts: Min: 1, Avg: 6.0, Max: 9, Diff: 8, Sum: 24]
      [GC Worker Other (ms): Min: 0.0, Avg: 0.1, Max: 0.1, Diff: 0.1, Sum: 0.4]
      [GC Worker Total (ms): Min: 10.3, Avg: 10.3, Max: 10.4, Diff: 0.2, Sum: 41.3]
      [GC Worker End (ms): Min: 653084495.8, Avg: 653084495.9, Max: 653084495.9, Diff: 0.1]
   [Code Root Fixup: 0.2 ms]
   [Code Root Purge: 0.0 ms]
   [Clear CT: 0.6 ms]
   [Other: 9.2 ms]
      [Choose CSet: 0.0 ms]
      [Ref Proc: 5.9 ms]
      [Ref Enq: 0.2 ms]
      [Redirty Cards: 0.2 ms]
      [Humongous Register: 0.2 ms]
      [Humongous Reclaim: 0.1 ms]
      [Free CSet: 2.1 ms]
   [Eden: 1837.0M(1837.0M)->0.0B(1837.0M) Survivors: 6144.0K->6144.0K Heap: 2091.5M(3072.0M)->254.8M(3072.0M)]
 [Times: user=0.05 sys=0.00, real=0.02 secs] 
2019-08-09T10:13:37.456+0800: 655082.254: [GC pause (G1 Evacuation Pause) (young), 0.0213202 secs]
   [Parallel Time: 12.0 ms, GC Workers: 4]
      [GC Worker Start (ms): Min: 655082254.7, Avg: 655082254.8, Max: 655082254.9, Diff: 0.2]
      [Ext Root Scanning (ms): Min: 2.0, Avg: 2.2, Max: 2.4, Diff: 0.4, Sum: 8.7]
      [Update RS (ms): Min: 3.4, Avg: 3.4, Max: 3.4, Diff: 0.1, Sum: 13.5]
         [Processed Buffers: Min: 36, Avg: 47.2, Max: 59, Diff: 23, Sum: 189]
      [Scan RS (ms): Min: 0.6, Avg: 0.6, Max: 0.7, Diff: 0.1, Sum: 2.5]
      [Code Root Scanning (ms): Min: 0.0, Avg: 0.0, Max: 0.0, Diff: 0.0, Sum: 0.2]
      [Object Copy (ms): Min: 5.3, Avg: 5.4, Max: 5.5, Diff: 0.2, Sum: 21.6]
      [Termination (ms): Min: 0.0, Avg: 0.0, Max: 0.0, Diff: 0.0, Sum: 0.0]
         [Termination Attempts: Min: 1, Avg: 1.0, Max: 1, Diff: 0, Sum: 4]
      [GC Worker Other (ms): Min: 0.0, Avg: 0.1, Max: 0.1, Diff: 0.1, Sum: 0.3]
      [GC Worker Total (ms): Min: 11.6, Avg: 11.7, Max: 11.8, Diff: 0.1, Sum: 46.9]
      [GC Worker End (ms): Min: 655082266.5, Avg: 655082266.5, Max: 655082266.6, Diff: 0.1]
   [Code Root Fixup: 0.1 ms]
   [Code Root Purge: 0.0 ms]
   [Clear CT: 0.6 ms]
   [Other: 8.6 ms]
      [Choose CSet: 0.0 ms]
      [Ref Proc: 5.3 ms]
      [Ref Enq: 0.2 ms]
      [Redirty Cards: 0.2 ms]
      [Humongous Register: 0.2 ms]
      [Humongous Reclaim: 0.1 ms]
      [Free CSet: 2.0 ms]
   [Eden: 1837.0M(1837.0M)->0.0B(1828.0M) Survivors: 6144.0K->15.0M Heap: 2091.8M(3072.0M)->264.0M(3072.0M)]
 [Times: user=0.06 sys=0.01, real=0.02 secs] 
2019-08-09T10:26:09.211+0800: 655834.009: [GC pause (G1 Evacuation Pause) (young), 0.0175427 secs]
   [Parallel Time: 10.4 ms, GC Workers: 4]
      [GC Worker Start (ms): Min: 655834009.3, Avg: 655834009.4, Max: 655834009.5, Diff: 0.2]
      [Ext Root Scanning (ms): Min: 2.2, Avg: 2.3, Max: 2.5, Diff: 0.3, Sum: 9.1]
      [Update RS (ms): Min: 3.0, Avg: 3.0, Max: 3.1, Diff: 0.1, Sum: 12.1]
         [Processed Buffers: Min: 36, Avg: 43.5, Max: 51, Diff: 15, Sum: 174]
      [Scan RS (ms): Min: 0.6, Avg: 0.6, Max: 0.7, Diff: 0.1, Sum: 2.5]
      [Code Root Scanning (ms): Min: 0.0, Avg: 0.0, Max: 0.1, Diff: 0.0, Sum: 0.2]
      [Object Copy (ms): Min: 3.9, Avg: 4.0, Max: 4.1, Diff: 0.2, Sum: 16.1]
      [Termination (ms): Min: 0.0, Avg: 0.0, Max: 0.0, Diff: 0.0, Sum: 0.0]
         [Termination Attempts: Min: 1, Avg: 1.0, Max: 1, Diff: 0, Sum: 4]
      [GC Worker Other (ms): Min: 0.1, Avg: 0.1, Max: 0.2, Diff: 0.1, Sum: 0.4]
      [GC Worker Total (ms): Min: 10.1, Avg: 10.1, Max: 10.2, Diff: 0.1, Sum: 40.4]
      [GC Worker End (ms): Min: 655834019.4, Avg: 655834019.5, Max: 655834019.5, Diff: 0.1]
   [Code Root Fixup: 0.2 ms]
   [Code Root Purge: 0.0 ms]
   [Clear CT: 0.6 ms]
   [Other: 6.3 ms]
      [Choose CSet: 0.0 ms]
      [Ref Proc: 3.2 ms]
      [Ref Enq: 0.1 ms]
      [Redirty Cards: 0.2 ms]
      [Humongous Register: 0.2 ms]
      [Humongous Reclaim: 0.1 ms]
      [Free CSet: 2.0 ms]
   [Eden: 1828.0M(1828.0M)->0.0B(1830.0M) Survivors: 15.0M->13.0M Heap: 2092.0M(3072.0M)->262.0M(3072.0M)]
 [Times: user=0.04 sys=0.01, real=0.02 secs] 
2019-08-09T10:35:55.018+0800: 656419.816: [GC pause (G1 Evacuation Pause) (young), 0.0196156 secs]
   [Parallel Time: 13.3 ms, GC Workers: 4]
      [GC Worker Start (ms): Min: 656419816.7, Avg: 656419816.8, Max: 656419816.9, Diff: 0.2]
      [Ext Root Scanning (ms): Min: 1.9, Avg: 2.1, Max: 2.3, Diff: 0.4, Sum: 8.5]
      [Update RS (ms): Min: 2.9, Avg: 2.9, Max: 3.0, Diff: 0.0, Sum: 11.8]
         [Processed Buffers: Min: 31, Avg: 43.0, Max: 60, Diff: 29, Sum: 172]
      [Scan RS (ms): Min: 0.5, Avg: 0.6, Max: 0.6, Diff: 0.0, Sum: 2.3]
      [Code Root Scanning (ms): Min: 0.0, Avg: 0.0, Max: 0.0, Diff: 0.0, Sum: 0.2]
      [Object Copy (ms): Min: 7.2, Avg: 7.3, Max: 7.4, Diff: 0.2, Sum: 29.1]
      [Termination (ms): Min: 0.0, Avg: 0.0, Max: 0.0, Diff: 0.0, Sum: 0.0]
         [Termination Attempts: Min: 1, Avg: 1.0, Max: 1, Diff: 0, Sum: 4]
      [GC Worker Other (ms): Min: 0.0, Avg: 0.1, Max: 0.1, Diff: 0.1, Sum: 0.3]
      [GC Worker Total (ms): Min: 12.9, Avg: 13.0, Max: 13.1, Diff: 0.2, Sum: 52.1]
      [GC Worker End (ms): Min: 656419829.7, Avg: 656419829.8, Max: 656419829.8, Diff: 0.1]
   [Code Root Fixup: 0.1 ms]
   [Code Root Purge: 0.0 ms]
   [Clear CT: 0.6 ms]
   [Other: 5.7 ms]
      [Choose CSet: 0.0 ms]
      [Ref Proc: 2.8 ms]
      [Ref Enq: 0.1 ms]
      [Redirty Cards: 0.1 ms]
      [Humongous Register: 0.1 ms]
      [Humongous Reclaim: 0.1 ms]
      [Free CSet: 1.9 ms]
   [Eden: 1830.0M(1830.0M)->0.0B(1819.0M) Survivors: 13.0M->24.0M Heap: 2092.0M(3072.0M)->273.1M(3072.0M)]
 [Times: user=0.06 sys=0.00, real=0.02 secs] 
2019-08-09T11:08:55.373+0800: 658400.171: [GC pause (G1 Evacuation Pause) (young), 0.0193161 secs]
   [Parallel Time: 10.2 ms, GC Workers: 4]
      [GC Worker Start (ms): Min: 658400171.9, Avg: 658400172.0, Max: 658400172.1, Diff: 0.2]
      [Ext Root Scanning (ms): Min: 2.0, Avg: 2.1, Max: 2.3, Diff: 0.3, Sum: 8.5]
      [Update RS (ms): Min: 2.9, Avg: 2.9, Max: 2.9, Diff: 0.1, Sum: 11.6]
         [Processed Buffers: Min: 34, Avg: 45.8, Max: 53, Diff: 19, Sum: 183]
      [Scan RS (ms): Min: 0.5, Avg: 0.6, Max: 0.6, Diff: 0.1, Sum: 2.2]
      [Code Root Scanning (ms): Min: 0.0, Avg: 0.0, Max: 0.0, Diff: 0.0, Sum: 0.2]
      [Object Copy (ms): Min: 4.2, Avg: 4.3, Max: 4.4, Diff: 0.2, Sum: 17.1]
      [Termination (ms): Min: 0.0, Avg: 0.0, Max: 0.0, Diff: 0.0, Sum: 0.0]
         [Termination Attempts: Min: 1, Avg: 11.8, Max: 22, Diff: 21, Sum: 47]
      [GC Worker Other (ms): Min: 0.0, Avg: 0.1, Max: 0.1, Diff: 0.1, Sum: 0.3]
      [GC Worker Total (ms): Min: 9.8, Avg: 10.0, Max: 10.1, Diff: 0.3, Sum: 39.9]
      [GC Worker End (ms): Min: 658400182.0, Avg: 658400182.0, Max: 658400182.0, Diff: 0.1]
   [Code Root Fixup: 0.1 ms]
   [Code Root Purge: 0.0 ms]
   [Clear CT: 0.6 ms]
   [Other: 8.5 ms]
      [Choose CSet: 0.0 ms]
      [Ref Proc: 5.2 ms]
      [Ref Enq: 0.1 ms]
      [Redirty Cards: 0.2 ms]
      [Humongous Register: 0.2 ms]
      [Humongous Reclaim: 0.1 ms]
      [Free CSet: 2.1 ms]
   [Eden: 1819.0M(1819.0M)->0.0B(1833.0M) Survivors: 24.0M->10.0M Heap: 2094.1M(3072.0M)->259.2M(3072.0M)]
 [Times: user=0.05 sys=0.00, real=0.02 secs] 
2019-08-09T11:44:40.680+0800: 660545.478: [GC pause (G1 Evacuation Pause) (young), 0.0190906 secs]
   [Parallel Time: 9.6 ms, GC Workers: 4]
      [GC Worker Start (ms): Min: 660545478.6, Avg: 660545478.6, Max: 660545478.7, Diff: 0.1]
      [Ext Root Scanning (ms): Min: 2.1, Avg: 2.3, Max: 2.7, Diff: 0.6, Sum: 9.1]
      [Update RS (ms): Min: 2.2, Avg: 2.4, Max: 2.5, Diff: 0.3, Sum: 9.8]
         [Processed Buffers: Min: 29, Avg: 47.2, Max: 86, Diff: 57, Sum: 189]
      [Scan RS (ms): Min: 0.5, Avg: 0.6, Max: 0.6, Diff: 0.1, Sum: 2.3]
      [Code Root Scanning (ms): Min: 0.0, Avg: 0.0, Max: 0.0, Diff: 0.0, Sum: 0.1]
      [Object Copy (ms): Min: 3.8, Avg: 4.0, Max: 4.1, Diff: 0.3, Sum: 15.9]
      [Termination (ms): Min: 0.0, Avg: 0.0, Max: 0.0, Diff: 0.0, Sum: 0.0]
         [Termination Attempts: Min: 1, Avg: 6.8, Max: 12, Diff: 11, Sum: 27]
      [GC Worker Other (ms): Min: 0.0, Avg: 0.1, Max: 0.1, Diff: 0.1, Sum: 0.3]
      [GC Worker Total (ms): Min: 9.3, Avg: 9.4, Max: 9.4, Diff: 0.1, Sum: 37.6]
      [GC Worker End (ms): Min: 660545488.0, Avg: 660545488.0, Max: 660545488.0, Diff: 0.1]
   [Code Root Fixup: 0.1 ms]
   [Code Root Purge: 0.0 ms]
   [Clear CT: 0.5 ms]
   [Other: 8.9 ms]
      [Choose CSet: 0.0 ms]
      [Ref Proc: 5.6 ms]
      [Ref Enq: 0.1 ms]
      [Redirty Cards: 0.1 ms]
      [Humongous Register: 0.2 ms]
      [Humongous Reclaim: 0.1 ms]
      [Free CSet: 2.0 ms]
   [Eden: 1833.0M(1833.0M)->0.0B(1835.0M) Survivors: 10.0M->8192.0K Heap: 2092.2M(3072.0M)->257.8M(3072.0M)]
 [Times: user=0.04 sys=0.00, real=0.02 secs] 
2019-08-09T12:25:13.380+0800: 662978.178: [GC pause (G1 Evacuation Pause) (young), 0.0207227 secs]
   [Parallel Time: 10.6 ms, GC Workers: 4]
      [GC Worker Start (ms): Min: 662978178.6, Avg: 662978178.7, Max: 662978178.8, Diff: 0.2]
      [Ext Root Scanning (ms): Min: 1.9, Avg: 2.1, Max: 2.3, Diff: 0.4, Sum: 8.4]
      [Update RS (ms): Min: 3.1, Avg: 3.1, Max: 3.2, Diff: 0.0, Sum: 12.6]
         [Processed Buffers: Min: 34, Avg: 48.0, Max: 61, Diff: 27, Sum: 192]
      [Scan RS (ms): Min: 0.5, Avg: 0.6, Max: 0.6, Diff: 0.1, Sum: 2.3]
      [Code Root Scanning (ms): Min: 0.0, Avg: 0.0, Max: 0.1, Diff: 0.0, Sum: 0.2]
      [Object Copy (ms): Min: 4.3, Avg: 4.4, Max: 4.5, Diff: 0.2, Sum: 17.5]
      [Termination (ms): Min: 0.0, Avg: 0.0, Max: 0.0, Diff: 0.0, Sum: 0.0]
         [Termination Attempts: Min: 1, Avg: 3.5, Max: 7, Diff: 6, Sum: 14]
      [GC Worker Other (ms): Min: 0.0, Avg: 0.1, Max: 0.1, Diff: 0.1, Sum: 0.3]
      [GC Worker Total (ms): Min: 10.3, Avg: 10.3, Max: 10.4, Diff: 0.1, Sum: 41.3]
      [GC Worker End (ms): Min: 662978189.0, Avg: 662978189.0, Max: 662978189.0, Diff: 0.1]
   [Code Root Fixup: 0.1 ms]
   [Code Root Purge: 0.0 ms]
   [Clear CT: 0.6 ms]
   [Other: 9.5 ms]
      [Choose CSet: 0.0 ms]
      [Ref Proc: 6.2 ms]
      [Ref Enq: 0.2 ms]
      [Redirty Cards: 0.1 ms]
      [Humongous Register: 0.1 ms]
      [Humongous Reclaim: 0.1 ms]
      [Free CSet: 2.1 ms]
   [Eden: 1835.0M(1835.0M)->0.0B(1836.0M) Survivors: 8192.0K->7168.0K Heap: 2092.8M(3072.0M)->256.8M(3072.0M)]
 [Times: user=0.06 sys=0.00, real=0.02 secs] 
2019-08-09T13:07:10.978+0800: 665495.776: [GC pause (G1 Evacuation Pause) (young), 0.0201404 secs]
   [Parallel Time: 9.2 ms, GC Workers: 4]
      [GC Worker Start (ms): Min: 665495776.6, Avg: 665495776.8, Max: 665495776.9, Diff: 0.2]
      [Ext Root Scanning (ms): Min: 2.0, Avg: 2.2, Max: 2.4, Diff: 0.4, Sum: 8.8]
      [Update RS (ms): Min: 2.6, Avg: 2.7, Max: 2.7, Diff: 0.1, Sum: 10.6]
         [Processed Buffers: Min: 36, Avg: 45.0, Max: 51, Diff: 15, Sum: 180]
      [Scan RS (ms): Min: 0.6, Avg: 0.6, Max: 0.6, Diff: 0.1, Sum: 2.3]
      [Code Root Scanning (ms): Min: 0.0, Avg: 0.0, Max: 0.1, Diff: 0.0, Sum: 0.2]
      [Object Copy (ms): Min: 3.3, Avg: 3.4, Max: 3.5, Diff: 0.3, Sum: 13.6]
      [Termination (ms): Min: 0.0, Avg: 0.0, Max: 0.0, Diff: 0.0, Sum: 0.0]
         [Termination Attempts: Min: 1, Avg: 1.5, Max: 2, Diff: 1, Sum: 6]
      [GC Worker Other (ms): Min: 0.0, Avg: 0.1, Max: 0.1, Diff: 0.1, Sum: 0.3]
      [GC Worker Total (ms): Min: 8.9, Avg: 9.0, Max: 9.1, Diff: 0.2, Sum: 35.9]
      [GC Worker End (ms): Min: 665495785.7, Avg: 665495785.7, Max: 665495785.8, Diff: 0.1]
   [Code Root Fixup: 0.2 ms]
   [Code Root Purge: 0.0 ms]
   [Clear CT: 0.6 ms]
   [Other: 10.1 ms]
      [Choose CSet: 0.0 ms]
      [Ref Proc: 6.8 ms]
      [Ref Enq: 0.2 ms]
      [Redirty Cards: 0.2 ms]
      [Humongous Register: 0.2 ms]
      [Humongous Reclaim: 0.1 ms]
      [Free CSet: 2.1 ms]
   [Eden: 1836.0M(1836.0M)->0.0B(1836.0M) Survivors: 7168.0K->7168.0K Heap: 2092.8M(3072.0M)->256.3M(3072.0M)]
 [Times: user=0.05 sys=0.00, real=0.02 secs] 
2019-08-09T13:47:02.381+0800: 667887.179: [GC pause (G1 Evacuation Pause) (young), 0.0192705 secs]
   [Parallel Time: 10.3 ms, GC Workers: 4]
      [GC Worker Start (ms): Min: 667887179.2, Avg: 667887179.3, Max: 667887179.5, Diff: 0.2]
      [Ext Root Scanning (ms): Min: 2.3, Avg: 2.5, Max: 2.8, Diff: 0.5, Sum: 10.2]
      [Update RS (ms): Min: 2.6, Avg: 2.6, Max: 2.7, Diff: 0.1, Sum: 10.6]
         [Processed Buffers: Min: 32, Avg: 44.0, Max: 67, Diff: 35, Sum: 176]
      [Scan RS (ms): Min: 0.6, Avg: 0.6, Max: 0.7, Diff: 0.1, Sum: 2.5]
      [Code Root Scanning (ms): Min: 0.0, Avg: 0.0, Max: 0.1, Diff: 0.0, Sum: 0.2]
      [Object Copy (ms): Min: 4.1, Avg: 4.2, Max: 4.2, Diff: 0.1, Sum: 16.6]
      [Termination (ms): Min: 0.0, Avg: 0.0, Max: 0.0, Diff: 0.0, Sum: 0.0]
         [Termination Attempts: Min: 1, Avg: 6.0, Max: 9, Diff: 8, Sum: 24]
      [GC Worker Other (ms): Min: 0.0, Avg: 0.1, Max: 0.1, Diff: 0.1, Sum: 0.4]
      [GC Worker Total (ms): Min: 10.0, Avg: 10.1, Max: 10.2, Diff: 0.2, Sum: 40.5]
      [GC Worker End (ms): Min: 667887189.4, Avg: 667887189.5, Max: 667887189.5, Diff: 0.1]
   [Code Root Fixup: 0.2 ms]
   [Code Root Purge: 0.0 ms]
   [Clear CT: 0.7 ms]
   [Other: 8.0 ms]
      [Choose CSet: 0.0 ms]
      [Ref Proc: 4.7 ms]
      [Ref Enq: 0.1 ms]
      [Redirty Cards: 0.1 ms]
      [Humongous Register: 0.1 ms]
      [Humongous Reclaim: 0.1 ms]
      [Free CSet: 2.2 ms]
   [Eden: 1836.0M(1836.0M)->0.0B(1837.0M) Survivors: 7168.0K->6144.0K Heap: 2092.3M(3072.0M)->255.8M(3072.0M)]
 [Times: user=0.05 sys=0.00, real=0.02 secs] 
2019-08-09T14:24:23.592+0800: 670128.390: [GC pause (G1 Evacuation Pause) (young), 0.0211346 secs]
   [Parallel Time: 10.6 ms, GC Workers: 4]
      [GC Worker Start (ms): Min: 670128390.1, Avg: 670128390.2, Max: 670128390.3, Diff: 0.2]
      [Ext Root Scanning (ms): Min: 1.9, Avg: 2.1, Max: 2.3, Diff: 0.4, Sum: 8.4]
      [Update RS (ms): Min: 3.2, Avg: 3.2, Max: 3.2, Diff: 0.0, Sum: 12.8]
         [Processed Buffers: Min: 32, Avg: 47.2, Max: 61, Diff: 29, Sum: 189]
      [Scan RS (ms): Min: 0.6, Avg: 0.6, Max: 0.6, Diff: 0.0, Sum: 2.5]
      [Code Root Scanning (ms): Min: 0.0, Avg: 0.0, Max: 0.1, Diff: 0.0, Sum: 0.2]
      [Object Copy (ms): Min: 4.2, Avg: 4.3, Max: 4.4, Diff: 0.2, Sum: 17.4]
      [Termination (ms): Min: 0.0, Avg: 0.0, Max: 0.0, Diff: 0.0, Sum: 0.0]
         [Termination Attempts: Min: 1, Avg: 6.0, Max: 10, Diff: 9, Sum: 24]
      [GC Worker Other (ms): Min: 0.0, Avg: 0.1, Max: 0.1, Diff: 0.1, Sum: 0.3]
      [GC Worker Total (ms): Min: 10.4, Avg: 10.4, Max: 10.4, Diff: 0.1, Sum: 41.5]
      [GC Worker End (ms): Min: 670128400.5, Avg: 670128400.6, Max: 670128400.6, Diff: 0.1]
   [Code Root Fixup: 0.1 ms]
   [Code Root Purge: 0.0 ms]
   [Clear CT: 0.6 ms]
   [Other: 9.9 ms]
      [Choose CSet: 0.0 ms]
      [Ref Proc: 6.6 ms]
      [Ref Enq: 0.2 ms]
      [Redirty Cards: 0.2 ms]
      [Humongous Register: 0.2 ms]
      [Humongous Reclaim: 0.1 ms]
      [Free CSet: 2.1 ms]
   [Eden: 1837.0M(1837.0M)->0.0B(1836.0M) Survivors: 6144.0K->7168.0K Heap: 2095.8M(3072.0M)->256.3M(3072.0M)]
 [Times: user=0.05 sys=0.00, real=0.02 secs] 
2019-08-09T15:00:36.125+0800: 672300.923: [GC pause (G1 Evacuation Pause) (young), 0.0217453 secs]
   [Parallel Time: 11.1 ms, GC Workers: 4]
      [GC Worker Start (ms): Min: 672300924.0, Avg: 672300924.1, Max: 672300924.2, Diff: 0.2]
      [Ext Root Scanning (ms): Min: 2.1, Avg: 2.3, Max: 2.5, Diff: 0.4, Sum: 9.1]
      [Update RS (ms): Min: 3.6, Avg: 3.6, Max: 3.6, Diff: 0.0, Sum: 14.5]
         [Processed Buffers: Min: 30, Avg: 45.0, Max: 65, Diff: 35, Sum: 180]
      [Scan RS (ms): Min: 0.6, Avg: 0.6, Max: 0.6, Diff: 0.1, Sum: 2.3]
      [Code Root Scanning (ms): Min: 0.0, Avg: 0.1, Max: 0.1, Diff: 0.0, Sum: 0.2]
      [Object Copy (ms): Min: 4.1, Avg: 4.2, Max: 4.2, Diff: 0.1, Sum: 16.7]
      [Termination (ms): Min: 0.0, Avg: 0.0, Max: 0.0, Diff: 0.0, Sum: 0.0]
         [Termination Attempts: Min: 1, Avg: 5.2, Max: 10, Diff: 9, Sum: 21]
      [GC Worker Other (ms): Min: 0.0, Avg: 0.1, Max: 0.1, Diff: 0.1, Sum: 0.3]
      [GC Worker Total (ms): Min: 10.7, Avg: 10.8, Max: 10.9, Diff: 0.1, Sum: 43.2]
      [GC Worker End (ms): Min: 672300934.9, Avg: 672300934.9, Max: 672300935.0, Diff: 0.1]
   [Code Root Fixup: 0.2 ms]
   [Code Root Purge: 0.0 ms]
   [Clear CT: 0.5 ms]
   [Other: 9.9 ms]
      [Choose CSet: 0.0 ms]
      [Ref Proc: 5.9 ms]
      [Ref Enq: 0.2 ms]
      [Redirty Cards: 0.2 ms]
      [Humongous Register: 0.2 ms]
      [Humongous Reclaim: 0.1 ms]
      [Free CSet: 2.0 ms]
   [Eden: 1836.0M(1836.0M)->0.0B(1836.0M) Survivors: 7168.0K->7168.0K Heap: 2093.3M(3072.0M)->256.8M(3072.0M)]
 [Times: user=0.05 sys=0.00, real=0.03 secs] 
2019-08-09T15:38:39.436+0800: 674584.234: [GC pause (G1 Evacuation Pause) (young), 0.0214151 secs]
   [Parallel Time: 10.9 ms, GC Workers: 4]
      [GC Worker Start (ms): Min: 674584234.2, Avg: 674584234.4, Max: 674584234.5, Diff: 0.2]
      [Ext Root Scanning (ms): Min: 2.0, Avg: 2.2, Max: 2.4, Diff: 0.4, Sum: 8.8]
      [Update RS (ms): Min: 3.2, Avg: 3.2, Max: 3.3, Diff: 0.1, Sum: 12.9]
         [Processed Buffers: Min: 34, Avg: 47.2, Max: 63, Diff: 29, Sum: 189]
      [Scan RS (ms): Min: 0.6, Avg: 0.6, Max: 0.7, Diff: 0.1, Sum: 2.5]
      [Code Root Scanning (ms): Min: 0.0, Avg: 0.1, Max: 0.1, Diff: 0.1, Sum: 0.3]
      [Object Copy (ms): Min: 4.4, Avg: 4.5, Max: 4.6, Diff: 0.1, Sum: 17.9]
      [Termination (ms): Min: 0.0, Avg: 0.0, Max: 0.0, Diff: 0.0, Sum: 0.0]
         [Termination Attempts: Min: 1, Avg: 11.8, Max: 18, Diff: 17, Sum: 47]
      [GC Worker Other (ms): Min: 0.0, Avg: 0.1, Max: 0.1, Diff: 0.1, Sum: 0.3]
      [GC Worker Total (ms): Min: 10.6, Avg: 10.7, Max: 10.8, Diff: 0.3, Sum: 42.8]
      [GC Worker End (ms): Min: 674584245.0, Avg: 674584245.1, Max: 674584245.1, Diff: 0.1]
   [Code Root Fixup: 0.1 ms]
   [Code Root Purge: 0.0 ms]
   [Clear CT: 0.6 ms]
   [Other: 9.8 ms]
      [Choose CSet: 0.0 ms]
      [Ref Proc: 6.5 ms]
      [Ref Enq: 0.2 ms]
      [Redirty Cards: 0.2 ms]
      [Humongous Register: 0.2 ms]
      [Humongous Reclaim: 0.1 ms]
      [Free CSet: 2.1 ms]
   [Eden: 1836.0M(1836.0M)->0.0B(1836.0M) Survivors: 7168.0K->7168.0K Heap: 2092.8M(3072.0M)->256.8M(3072.0M)]
 [Times: user=0.06 sys=0.00, real=0.03 secs] 
2019-08-09T16:17:49.210+0800: 676934.008: [GC pause (G1 Evacuation Pause) (young), 0.0210523 secs]
   [Parallel Time: 11.0 ms, GC Workers: 4]
      [GC Worker Start (ms): Min: 676934008.5, Avg: 676934008.5, Max: 676934008.6, Diff: 0.2]
      [Ext Root Scanning (ms): Min: 2.1, Avg: 2.3, Max: 2.4, Diff: 0.4, Sum: 9.0]
      [Update RS (ms): Min: 3.0, Avg: 3.0, Max: 3.0, Diff: 0.0, Sum: 11.9]
         [Processed Buffers: Min: 35, Avg: 46.5, Max: 66, Diff: 31, Sum: 186]
      [Scan RS (ms): Min: 0.6, Avg: 0.6, Max: 0.6, Diff: 0.1, Sum: 2.4]
      [Code Root Scanning (ms): Min: 0.0, Avg: 0.1, Max: 0.1, Diff: 0.0, Sum: 0.2]
      [Object Copy (ms): Min: 4.7, Avg: 4.7, Max: 4.9, Diff: 0.2, Sum: 19.0]
      [Termination (ms): Min: 0.0, Avg: 0.0, Max: 0.0, Diff: 0.0, Sum: 0.0]
         [Termination Attempts: Min: 1, Avg: 7.0, Max: 12, Diff: 11, Sum: 28]
      [GC Worker Other (ms): Min: 0.1, Avg: 0.1, Max: 0.2, Diff: 0.1, Sum: 0.4]
      [GC Worker Total (ms): Min: 10.7, Avg: 10.8, Max: 10.8, Diff: 0.1, Sum: 43.1]
      [GC Worker End (ms): Min: 676934019.2, Avg: 676934019.3, Max: 676934019.3, Diff: 0.1]
   [Code Root Fixup: 0.2 ms]
   [Code Root Purge: 0.0 ms]
   [Clear CT: 0.6 ms]
   [Other: 9.2 ms]
      [Choose CSet: 0.0 ms]
      [Ref Proc: 6.1 ms]
      [Ref Enq: 0.2 ms]
      [Redirty Cards: 0.2 ms]
      [Humongous Register: 0.2 ms]
      [Humongous Reclaim: 0.1 ms]
      [Free CSet: 1.9 ms]
   [Eden: 1836.0M(1836.0M)->0.0B(1836.0M) Survivors: 7168.0K->7168.0K Heap: 2092.8M(3072.0M)->256.3M(3072.0M)]
 [Times: user=0.05 sys=0.00, real=0.02 secs] 
2019-08-09T16:56:28.119+0800: 679252.916: [GC pause (G1 Evacuation Pause) (young), 0.0207521 secs]
   [Parallel Time: 10.2 ms, GC Workers: 4]
      [GC Worker Start (ms): Min: 679252917.0, Avg: 679252917.0, Max: 679252917.1, Diff: 0.1]
      [Ext Root Scanning (ms): Min: 2.0, Avg: 2.1, Max: 2.3, Diff: 0.3, Sum: 8.5]
      [Update RS (ms): Min: 2.9, Avg: 2.9, Max: 2.9, Diff: 0.0, Sum: 11.5]
         [Processed Buffers: Min: 35, Avg: 46.5, Max: 55, Diff: 20, Sum: 186]
      [Scan RS (ms): Min: 0.5, Avg: 0.5, Max: 0.6, Diff: 0.0, Sum: 2.2]
      [Code Root Scanning (ms): Min: 0.0, Avg: 0.1, Max: 0.1, Diff: 0.1, Sum: 0.2]
      [Object Copy (ms): Min: 4.2, Avg: 4.3, Max: 4.4, Diff: 0.2, Sum: 17.2]
      [Termination (ms): Min: 0.0, Avg: 0.0, Max: 0.0, Diff: 0.0, Sum: 0.0]
         [Termination Attempts: Min: 1, Avg: 8.5, Max: 12, Diff: 11, Sum: 34]
      [GC Worker Other (ms): Min: 0.0, Avg: 0.1, Max: 0.1, Diff: 0.1, Sum: 0.3]
      [GC Worker Total (ms): Min: 9.9, Avg: 10.0, Max: 10.0, Diff: 0.1, Sum: 40.0]
      [GC Worker End (ms): Min: 679252927.0, Avg: 679252927.0, Max: 679252927.1, Diff: 0.1]
   [Code Root Fixup: 0.2 ms]
   [Code Root Purge: 0.0 ms]
   [Clear CT: 0.5 ms]
   [Other: 9.8 ms]
      [Choose CSet: 0.0 ms]
      [Ref Proc: 6.3 ms]
      [Ref Enq: 0.2 ms]
      [Redirty Cards: 0.2 ms]
      [Humongous Register: 0.1 ms]
      [Humongous Reclaim: 0.1 ms]
      [Free CSet: 2.3 ms]
   [Eden: 1836.0M(1836.0M)->0.0B(1835.0M) Survivors: 7168.0K->8192.0K Heap: 2094.3M(3072.0M)->257.3M(3072.0M)]
 [Times: user=0.05 sys=0.00, real=0.02 secs] 
2019-08-09T17:34:28.926+0800: 681533.724: [GC pause (G1 Evacuation Pause) (young), 0.0227235 secs]
   [Parallel Time: 11.9 ms, GC Workers: 4]
      [GC Worker Start (ms): Min: 681533724.7, Avg: 681533724.8, Max: 681533724.9, Diff: 0.2]
      [Ext Root Scanning (ms): Min: 2.1, Avg: 2.3, Max: 2.5, Diff: 0.4, Sum: 9.1]
      [Update RS (ms): Min: 3.2, Avg: 3.2, Max: 3.3, Diff: 0.1, Sum: 12.9]
         [Processed Buffers: Min: 38, Avg: 48.2, Max: 60, Diff: 22, Sum: 193]
      [Scan RS (ms): Min: 0.6, Avg: 0.6, Max: 0.6, Diff: 0.0, Sum: 2.5]
      [Code Root Scanning (ms): Min: 0.0, Avg: 0.1, Max: 0.1, Diff: 0.1, Sum: 0.3]
      [Object Copy (ms): Min: 5.4, Avg: 5.4, Max: 5.5, Diff: 0.2, Sum: 21.7]
      [Termination (ms): Min: 0.0, Avg: 0.0, Max: 0.0, Diff: 0.0, Sum: 0.0]
         [Termination Attempts: Min: 1, Avg: 3.5, Max: 6, Diff: 5, Sum: 14]
      [GC Worker Other (ms): Min: 0.0, Avg: 0.1, Max: 0.1, Diff: 0.1, Sum: 0.3]
      [GC Worker Total (ms): Min: 11.6, Avg: 11.7, Max: 11.8, Diff: 0.2, Sum: 46.9]
      [GC Worker End (ms): Min: 681533736.5, Avg: 681533736.5, Max: 681533736.6, Diff: 0.1]
   [Code Root Fixup: 0.2 ms]
   [Code Root Purge: 0.0 ms]
   [Clear CT: 0.6 ms]
   [Other: 10.0 ms]
      [Choose CSet: 0.0 ms]
      [Ref Proc: 6.6 ms]
      [Ref Enq: 0.2 ms]
      [Redirty Cards: 0.2 ms]
      [Humongous Register: 0.1 ms]
      [Humongous Reclaim: 0.1 ms]
      [Free CSet: 2.2 ms]
   [Eden: 1835.0M(1835.0M)->0.0B(1835.0M) Survivors: 8192.0K->8192.0K Heap: 2092.3M(3072.0M)->257.3M(3072.0M)]
 [Times: user=0.06 sys=0.00, real=0.02 secs] 
2019-08-09T18:13:19.385+0800: 683864.183: [GC pause (G1 Evacuation Pause) (young), 0.0213130 secs]
   [Parallel Time: 11.3 ms, GC Workers: 4]
      [GC Worker Start (ms): Min: 683864183.2, Avg: 683864183.3, Max: 683864183.4, Diff: 0.2]
      [Ext Root Scanning (ms): Min: 2.0, Avg: 2.2, Max: 2.4, Diff: 0.4, Sum: 8.6]
      [Update RS (ms): Min: 3.3, Avg: 3.3, Max: 3.3, Diff: 0.1, Sum: 13.3]
         [Processed Buffers: Min: 40, Avg: 46.2, Max: 56, Diff: 16, Sum: 185]
      [Scan RS (ms): Min: 0.5, Avg: 0.6, Max: 0.6, Diff: 0.1, Sum: 2.3]
      [Code Root Scanning (ms): Min: 0.0, Avg: 0.1, Max: 0.1, Diff: 0.1, Sum: 0.2]
      [Object Copy (ms): Min: 4.9, Avg: 4.9, Max: 5.0, Diff: 0.1, Sum: 19.6]
      [Termination (ms): Min: 0.0, Avg: 0.0, Max: 0.0, Diff: 0.0, Sum: 0.0]
         [Termination Attempts: Min: 1, Avg: 5.5, Max: 8, Diff: 7, Sum: 22]
      [GC Worker Other (ms): Min: 0.0, Avg: 0.1, Max: 0.1, Diff: 0.1, Sum: 0.3]
      [GC Worker Total (ms): Min: 11.0, Avg: 11.1, Max: 11.2, Diff: 0.2, Sum: 44.5]
      [GC Worker End (ms): Min: 683864194.4, Avg: 683864194.4, Max: 683864194.5, Diff: 0.1]
   [Code Root Fixup: 0.1 ms]
   [Code Root Purge: 0.0 ms]
   [Clear CT: 0.6 ms]
   [Other: 9.3 ms]
      [Choose CSet: 0.0 ms]
      [Ref Proc: 6.1 ms]
      [Ref Enq: 0.2 ms]
      [Redirty Cards: 0.2 ms]
      [Humongous Register: 0.1 ms]
      [Humongous Reclaim: 0.1 ms]
      [Free CSet: 2.1 ms]
   [Eden: 1835.0M(1835.0M)->0.0B(1835.0M) Survivors: 8192.0K->8192.0K Heap: 2092.3M(3072.0M)->257.4M(3072.0M)]
 [Times: user=0.05 sys=0.00, real=0.03 secs] 
2019-08-09T18:56:30.232+0800: 686455.030: [GC pause (G1 Evacuation Pause) (young), 0.0212341 secs]
   [Parallel Time: 10.5 ms, GC Workers: 4]
      [GC Worker Start (ms): Min: 686455030.7, Avg: 686455030.8, Max: 686455030.9, Diff: 0.2]
      [Ext Root Scanning (ms): Min: 1.9, Avg: 2.1, Max: 2.3, Diff: 0.4, Sum: 8.6]
      [Update RS (ms): Min: 2.9, Avg: 2.9, Max: 3.0, Diff: 0.1, Sum: 11.7]
         [Processed Buffers: Min: 32, Avg: 44.8, Max: 64, Diff: 32, Sum: 179]
      [Scan RS (ms): Min: 0.6, Avg: 0.6, Max: 0.6, Diff: 0.1, Sum: 2.4]
      [Code Root Scanning (ms): Min: 0.0, Avg: 0.1, Max: 0.1, Diff: 0.0, Sum: 0.2]
      [Object Copy (ms): Min: 4.4, Avg: 4.5, Max: 4.6, Diff: 0.2, Sum: 18.0]
      [Termination (ms): Min: 0.0, Avg: 0.0, Max: 0.0, Diff: 0.0, Sum: 0.0]
         [Termination Attempts: Min: 1, Avg: 10.2, Max: 17, Diff: 16, Sum: 41]
      [GC Worker Other (ms): Min: 0.0, Avg: 0.1, Max: 0.1, Diff: 0.1, Sum: 0.3]
      [GC Worker Total (ms): Min: 10.2, Avg: 10.3, Max: 10.4, Diff: 0.2, Sum: 41.3]
      [GC Worker End (ms): Min: 686455041.1, Avg: 686455041.1, Max: 686455041.2, Diff: 0.1]
   [Code Root Fixup: 0.2 ms]
   [Code Root Purge: 0.0 ms]
   [Clear CT: 0.9 ms]
   [Other: 9.6 ms]
      [Choose CSet: 0.0 ms]
      [Ref Proc: 6.4 ms]
      [Ref Enq: 0.2 ms]
      [Redirty Cards: 0.1 ms]
      [Humongous Register: 0.1 ms]
      [Humongous Reclaim: 0.1 ms]
      [Free CSet: 2.0 ms]
   [Eden: 1835.0M(1835.0M)->0.0B(1837.0M) Survivors: 8192.0K->6144.0K Heap: 2094.4M(3072.0M)->255.9M(3072.0M)]


   # thanos
   2019-08-09T19:26:35.532+0800: 135311.545: [GC pause (G1 Evacuation Pause) (young), 0.0163290 secs]
   [Parallel Time: 12.5 ms, GC Workers: 4]
      [GC Worker Start (ms): Min: 135311545.3, Avg: 135311545.4, Max: 135311545.4, Diff: 0.1]
      [Ext Root Scanning (ms): Min: 2.3, Avg: 2.4, Max: 2.6, Diff: 0.3, Sum: 9.8]
      [Update RS (ms): Min: 1.8, Avg: 1.8, Max: 1.9, Diff: 0.1, Sum: 7.3]
         [Processed Buffers: Min: 25, Avg: 43.0, Max: 70, Diff: 45, Sum: 172]
      [Scan RS (ms): Min: 0.4, Avg: 0.4, Max: 0.5, Diff: 0.1, Sum: 1.8]
      [Code Root Scanning (ms): Min: 0.0, Avg: 0.0, Max: 0.1, Diff: 0.0, Sum: 0.2]
      [Object Copy (ms): Min: 7.4, Avg: 7.5, Max: 7.6, Diff: 0.2, Sum: 29.9]
      [Termination (ms): Min: 0.0, Avg: 0.0, Max: 0.0, Diff: 0.0, Sum: 0.0]
         [Termination Attempts: Min: 1, Avg: 1.0, Max: 1, Diff: 0, Sum: 4]
      [GC Worker Other (ms): Min: 0.0, Avg: 0.1, Max: 0.1, Diff: 0.1, Sum: 0.2]
      [GC Worker Total (ms): Min: 12.3, Avg: 12.3, Max: 12.3, Diff: 0.1, Sum: 49.2]
      [GC Worker End (ms): Min: 135311557.6, Avg: 135311557.7, Max: 135311557.7, Diff: 0.1]
   [Code Root Fixup: 0.1 ms]
   [Code Root Purge: 0.0 ms]
   [Clear CT: 0.9 ms]
   [Other: 2.8 ms]
      [Choose CSet: 0.0 ms]
      [Ref Proc: 0.7 ms]
      [Ref Enq: 0.0 ms]
      [Redirty Cards: 0.2 ms]
      [Humongous Register: 0.1 ms]
      [Humongous Reclaim: 0.0 ms]
      [Free CSet: 1.1 ms]
   [Eden: 1217.0M(1217.0M)->0.0B(1212.0M) Survivors: 11.0M->16.0M Heap: 1472.0M(2048.0M)->259.5M(2048.0M)]
 [Times: user=0.06 sys=0.00, real=0.02 secs] 
2019-08-09T19:26:51.617+0800: 135327.630: [GC pause (G1 Evacuation Pause) (young), 0.0112105 secs]
   [Parallel Time: 8.3 ms, GC Workers: 4]
      [GC Worker Start (ms): Min: 135327630.6, Avg: 135327630.7, Max: 135327630.8, Diff: 0.2]
      [Ext Root Scanning (ms): Min: 2.2, Avg: 2.3, Max: 2.5, Diff: 0.3, Sum: 9.4]
      [Update RS (ms): Min: 1.9, Avg: 1.9, Max: 1.9, Diff: 0.0, Sum: 7.6]
         [Processed Buffers: Min: 41, Avg: 45.2, Max: 53, Diff: 12, Sum: 181]
      [Scan RS (ms): Min: 0.4, Avg: 0.4, Max: 0.4, Diff: 0.0, Sum: 1.6]
      [Code Root Scanning (ms): Min: 0.0, Avg: 0.0, Max: 0.0, Diff: 0.0, Sum: 0.2]
      [Object Copy (ms): Min: 3.3, Avg: 3.3, Max: 3.4, Diff: 0.2, Sum: 13.4]
      [Termination (ms): Min: 0.0, Avg: 0.0, Max: 0.0, Diff: 0.0, Sum: 0.0]
         [Termination Attempts: Min: 2, Avg: 3.0, Max: 5, Diff: 3, Sum: 12]
      [GC Worker Other (ms): Min: 0.1, Avg: 0.1, Max: 0.1, Diff: 0.0, Sum: 0.3]
      [GC Worker Total (ms): Min: 8.1, Avg: 8.1, Max: 8.2, Diff: 0.1, Sum: 32.4]
      [GC Worker End (ms): Min: 135327638.8, Avg: 135327638.8, Max: 135327638.8, Diff: 0.1]
   [Code Root Fixup: 0.2 ms]
   [Code Root Purge: 0.0 ms]
   [Clear CT: 0.4 ms]
   [Other: 2.4 ms]
      [Choose CSet: 0.0 ms]
      [Ref Proc: 0.3 ms]
      [Ref Enq: 0.0 ms]
      [Redirty Cards: 0.1 ms]
      [Humongous Register: 0.1 ms]
      [Humongous Reclaim: 0.0 ms]
      [Free CSet: 1.1 ms]
   [Eden: 1212.0M(1212.0M)->0.0B(1217.0M) Survivors: 16.0M->11.0M Heap: 1471.5M(2048.0M)->254.5M(2048.0M)]
 [Times: user=0.04 sys=0.00, real=0.01 secs] 
2019-08-09T19:27:11.909+0800: 135347.923: [GC pause (G1 Evacuation Pause) (young), 0.0102345 secs]
   [Parallel Time: 7.1 ms, GC Workers: 4]
      [GC Worker Start (ms): Min: 135347923.1, Avg: 135347923.2, Max: 135347923.2, Diff: 0.1]
      [Ext Root Scanning (ms): Min: 2.4, Avg: 2.6, Max: 2.7, Diff: 0.3, Sum: 10.3]
      [Update RS (ms): Min: 1.9, Avg: 1.9, Max: 1.9, Diff: 0.0, Sum: 7.6]
         [Processed Buffers: Min: 26, Avg: 44.5, Max: 75, Diff: 49, Sum: 178]
      [Scan RS (ms): Min: 0.3, Avg: 0.4, Max: 0.4, Diff: 0.1, Sum: 1.5]
      [Code Root Scanning (ms): Min: 0.0, Avg: 0.0, Max: 0.0, Diff: 0.0, Sum: 0.1]
      [Object Copy (ms): Min: 1.9, Avg: 2.0, Max: 2.1, Diff: 0.2, Sum: 7.9]
      [Termination (ms): Min: 0.0, Avg: 0.0, Max: 0.0, Diff: 0.0, Sum: 0.0]
         [Termination Attempts: Min: 1, Avg: 1.0, Max: 1, Diff: 0, Sum: 4]
      [GC Worker Other (ms): Min: 0.0, Avg: 0.0, Max: 0.1, Diff: 0.0, Sum: 0.2]
      [GC Worker Total (ms): Min: 6.9, Avg: 6.9, Max: 6.9, Diff: 0.1, Sum: 27.6]
      [GC Worker End (ms): Min: 135347930.1, Avg: 135347930.1, Max: 135347930.1, Diff: 0.0]
   [Code Root Fixup: 0.2 ms]
   [Code Root Purge: 0.0 ms]
   [Clear CT: 0.4 ms]
   [Other: 2.6 ms]
      [Choose CSet: 0.0 ms]
      [Ref Proc: 0.6 ms]
      [Ref Enq: 0.0 ms]
      [Redirty Cards: 0.1 ms]
      [Humongous Register: 0.1 ms]
      [Humongous Reclaim: 0.1 ms]
      [Free CSet: 1.0 ms]
   [Eden: 1217.0M(1217.0M)->0.0B(1222.0M) Survivors: 11.0M->6144.0K Heap: 1471.5M(2048.0M)->250.0M(2048.0M)]
 [Times: user=0.04 sys=0.00, real=0.01 secs] 
2019-08-09T19:27:28.250+0800: 135364.263: [GC pause (G1 Evacuation Pause) (young), 0.0203754 secs]
   [Parallel Time: 15.3 ms, GC Workers: 4]
      [GC Worker Start (ms): Min: 135364263.7, Avg: 135364263.8, Max: 135364263.8, Diff: 0.1]
      [Ext Root Scanning (ms): Min: 3.2, Avg: 3.4, Max: 3.7, Diff: 0.5, Sum: 13.6]
      [Update RS (ms): Min: 2.2, Avg: 2.5, Max: 2.6, Diff: 0.4, Sum: 9.8]
         [Processed Buffers: Min: 25, Avg: 42.0, Max: 64, Diff: 39, Sum: 168]
      [Scan RS (ms): Min: 0.5, Avg: 0.6, Max: 0.7, Diff: 0.2, Sum: 2.5]
      [Code Root Scanning (ms): Min: 0.0, Avg: 0.0, Max: 0.0, Diff: 0.0, Sum: 0.2]
      [Object Copy (ms): Min: 8.2, Avg: 8.4, Max: 8.6, Diff: 0.4, Sum: 33.7]
      [Termination (ms): Min: 0.0, Avg: 0.0, Max: 0.0, Diff: 0.0, Sum: 0.0]
         [Termination Attempts: Min: 1, Avg: 1.0, Max: 1, Diff: 0, Sum: 4]
      [GC Worker Other (ms): Min: 0.1, Avg: 0.1, Max: 0.1, Diff: 0.0, Sum: 0.3]
      [GC Worker Total (ms): Min: 15.0, Avg: 15.0, Max: 15.2, Diff: 0.2, Sum: 60.2]
      [GC Worker End (ms): Min: 135364278.8, Avg: 135364278.8, Max: 135364278.8, Diff: 0.1]
   [Code Root Fixup: 0.2 ms]
   [Code Root Purge: 0.0 ms]
   [Clear CT: 0.6 ms]
   [Other: 4.3 ms]
      [Choose CSet: 0.0 ms]
      [Ref Proc: 0.9 ms]
      [Ref Enq: 0.0 ms]
      [Redirty Cards: 0.2 ms]
      [Humongous Register: 0.2 ms]
      [Humongous Reclaim: 0.0 ms]
      [Free CSet: 2.0 ms]
   [Eden: 1222.0M(1222.0M)->0.0B(1211.0M) Survivors: 6144.0K->17.0M Heap: 1472.0M(2048.0M)->260.5M(2048.0M)]
 [Times: user=0.07 sys=0.00, real=0.02 secs] 
2019-08-09T19:27:48.161+0800: 135384.174: [GC pause (G1 Evacuation Pause) (young), 0.0135843 secs]
   [Parallel Time: 10.6 ms, GC Workers: 4]
      [GC Worker Start (ms): Min: 135384174.9, Avg: 135384174.9, Max: 135384175.0, Diff: 0.1]
      [Ext Root Scanning (ms): Min: 2.6, Avg: 2.7, Max: 2.8, Diff: 0.3, Sum: 10.9]
      [Update RS (ms): Min: 2.0, Avg: 2.0, Max: 2.0, Diff: 0.0, Sum: 7.9]
         [Processed Buffers: Min: 33, Avg: 46.5, Max: 73, Diff: 40, Sum: 186]
      [Scan RS (ms): Min: 0.4, Avg: 0.4, Max: 0.4, Diff: 0.0, Sum: 1.6]
      [Code Root Scanning (ms): Min: 0.0, Avg: 0.0, Max: 0.1, Diff: 0.0, Sum: 0.2]
      [Object Copy (ms): Min: 5.1, Avg: 5.2, Max: 5.2, Diff: 0.2, Sum: 20.6]
      [Termination (ms): Min: 0.0, Avg: 0.0, Max: 0.0, Diff: 0.0, Sum: 0.0]
         [Termination Attempts: Min: 1, Avg: 1.0, Max: 1, Diff: 0, Sum: 4]
      [GC Worker Other (ms): Min: 0.1, Avg: 0.1, Max: 0.1, Diff: 0.1, Sum: 0.3]
      [GC Worker Total (ms): Min: 10.3, Avg: 10.4, Max: 10.4, Diff: 0.1, Sum: 41.5]
      [GC Worker End (ms): Min: 135384185.3, Avg: 135384185.3, Max: 135384185.3, Diff: 0.1]
   [Code Root Fixup: 0.2 ms]
   [Code Root Purge: 0.0 ms]
   [Clear CT: 0.4 ms]
   [Other: 2.5 ms]
      [Choose CSet: 0.0 ms]
      [Ref Proc: 0.5 ms]
      [Ref Enq: 0.0 ms]
      [Redirty Cards: 0.1 ms]
      [Humongous Register: 0.1 ms]
      [Humongous Reclaim: 0.0 ms]
      [Free CSet: 0.9 ms]
   [Eden: 1211.0M(1211.0M)->0.0B(1215.0M) Survivors: 17.0M->13.0M Heap: 1471.5M(2048.0M)->256.6M(2048.0M)]
 [Times: user=0.05 sys=0.00, real=0.02 secs] 
2019-08-09T19:28:04.168+0800: 135400.181: [GC pause (G1 Evacuation Pause) (young), 0.0234566 secs]
   [Parallel Time: 18.1 ms, GC Workers: 4]
      [GC Worker Start (ms): Min: 135400181.9, Avg: 135400182.0, Max: 135400182.1, Diff: 0.2]
      [Ext Root Scanning (ms): Min: 2.5, Avg: 2.7, Max: 3.2, Diff: 0.7, Sum: 10.9]
      [Update RS (ms): Min: 1.8, Avg: 2.1, Max: 2.2, Diff: 0.4, Sum: 8.3]
         [Processed Buffers: Min: 40, Avg: 44.0, Max: 52, Diff: 12, Sum: 176]
      [Scan RS (ms): Min: 0.5, Avg: 0.6, Max: 0.7, Diff: 0.2, Sum: 2.3]
      [Code Root Scanning (ms): Min: 0.0, Avg: 0.0, Max: 0.0, Diff: 0.0, Sum: 0.1]
      [Object Copy (ms): Min: 12.1, Avg: 12.3, Max: 12.4, Diff: 0.4, Sum: 49.0]
      [Termination (ms): Min: 0.0, Avg: 0.0, Max: 0.0, Diff: 0.0, Sum: 0.0]
         [Termination Attempts: Min: 1, Avg: 1.0, Max: 1, Diff: 0, Sum: 4]
      [GC Worker Other (ms): Min: 0.0, Avg: 0.1, Max: 0.2, Diff: 0.1, Sum: 0.4]
      [GC Worker Total (ms): Min: 17.7, Avg: 17.8, Max: 17.8, Diff: 0.1, Sum: 71.0]
      [GC Worker End (ms): Min: 135400199.7, Avg: 135400199.8, Max: 135400199.8, Diff: 0.1]
   [Code Root Fixup: 0.5 ms]
   [Code Root Purge: 0.0 ms]
   [Clear CT: 0.6 ms]
   [Other: 4.2 ms]
      [Choose CSet: 0.0 ms]
      [Ref Proc: 0.8 ms]
      [Ref Enq: 0.0 ms]
      [Redirty Cards: 0.2 ms]
      [Humongous Register: 0.1 ms]
      [Humongous Reclaim: 0.1 ms]
      [Free CSet: 2.0 ms]
   [Eden: 1215.0M(1215.0M)->0.0B(1206.0M) Survivors: 13.0M->22.0M Heap: 1471.6M(2048.0M)->266.1M(2048.0M)]
 [Times: user=0.08 sys=0.00, real=0.02 secs] 
2019-08-09T19:28:20.106+0800: 135416.119: [GC pause (G1 Evacuation Pause) (young), 0.0126606 secs]
   [Parallel Time: 9.6 ms, GC Workers: 4]
      [GC Worker Start (ms): Min: 135416119.1, Avg: 135416119.2, Max: 135416119.2, Diff: 0.1]
      [Ext Root Scanning (ms): Min: 2.4, Avg: 2.5, Max: 2.7, Diff: 0.3, Sum: 10.0]
      [Update RS (ms): Min: 1.7, Avg: 1.7, Max: 1.7, Diff: 0.1, Sum: 6.9]
         [Processed Buffers: Min: 27, Avg: 42.5, Max: 60, Diff: 33, Sum: 170]
      [Scan RS (ms): Min: 0.4, Avg: 0.4, Max: 0.4, Diff: 0.1, Sum: 1.6]
      [Code Root Scanning (ms): Min: 0.0, Avg: 0.0, Max: 0.0, Diff: 0.0, Sum: 0.1]
      [Object Copy (ms): Min: 4.6, Avg: 4.7, Max: 4.9, Diff: 0.3, Sum: 18.9]
      [Termination (ms): Min: 0.0, Avg: 0.0, Max: 0.0, Diff: 0.0, Sum: 0.0]
         [Termination Attempts: Min: 1, Avg: 1.0, Max: 1, Diff: 0, Sum: 4]
      [GC Worker Other (ms): Min: 0.0, Avg: 0.1, Max: 0.1, Diff: 0.0, Sum: 0.2]
      [GC Worker Total (ms): Min: 9.4, Avg: 9.4, Max: 9.5, Diff: 0.1, Sum: 37.8]
      [GC Worker End (ms): Min: 135416128.6, Avg: 135416128.6, Max: 135416128.6, Diff: 0.0]
   [Code Root Fixup: 0.2 ms]
   [Code Root Purge: 0.0 ms]
   [Clear CT: 0.4 ms]
   [Other: 2.5 ms]
      [Choose CSet: 0.0 ms]
      [Ref Proc: 0.4 ms]
      [Ref Enq: 0.0 ms]
      [Redirty Cards: 0.2 ms]
      [Humongous Register: 0.1 ms]
      [Humongous Reclaim: 0.0 ms]
      [Free CSet: 1.1 ms]
   [Eden: 1206.0M(1206.0M)->0.0B(1215.0M) Survivors: 22.0M->13.0M Heap: 1472.1M(2048.0M)->257.1M(2048.0M)]
 [Times: user=0.04 sys=0.00, real=0.01 secs] 
2019-08-09T19:28:36.032+0800: 135432.045: [GC pause (G1 Evacuation Pause) (young), 0.0155915 secs]
   [Parallel Time: 12.6 ms, GC Workers: 4]
      [GC Worker Start (ms): Min: 135432045.3, Avg: 135432045.3, Max: 135432045.4, Diff: 0.1]
      [Ext Root Scanning (ms): Min: 2.5, Avg: 2.6, Max: 2.8, Diff: 0.3, Sum: 10.5]
      [Update RS (ms): Min: 1.6, Avg: 1.6, Max: 1.6, Diff: 0.0, Sum: 6.4]
         [Processed Buffers: Min: 24, Avg: 39.5, Max: 56, Diff: 32, Sum: 158]
      [Scan RS (ms): Min: 0.4, Avg: 0.4, Max: 0.4, Diff: 0.1, Sum: 1.5]
      [Code Root Scanning (ms): Min: 0.0, Avg: 0.0, Max: 0.1, Diff: 0.0, Sum: 0.1]
      [Object Copy (ms): Min: 7.6, Avg: 7.7, Max: 7.9, Diff: 0.3, Sum: 30.9]
      [Termination (ms): Min: 0.0, Avg: 0.0, Max: 0.0, Diff: 0.0, Sum: 0.0]
         [Termination Attempts: Min: 1, Avg: 1.0, Max: 1, Diff: 0, Sum: 4]
      [GC Worker Other (ms): Min: 0.0, Avg: 0.1, Max: 0.1, Diff: 0.1, Sum: 0.4]
      [GC Worker Total (ms): Min: 12.4, Avg: 12.5, Max: 12.5, Diff: 0.1, Sum: 49.8]
      [GC Worker End (ms): Min: 135432057.7, Avg: 135432057.8, Max: 135432057.8, Diff: 0.1]
   [Code Root Fixup: 0.2 ms]
   [Code Root Purge: 0.0 ms]
   [Clear CT: 0.4 ms]
   [Other: 2.4 ms]
      [Choose CSet: 0.0 ms]
      [Ref Proc: 0.4 ms]
      [Ref Enq: 0.0 ms]
      [Redirty Cards: 0.2 ms]
      [Humongous Register: 0.1 ms]
      [Humongous Reclaim: 0.0 ms]
      [Free CSet: 1.1 ms]
   [Eden: 1215.0M(1215.0M)->0.0B(1208.0M) Survivors: 13.0M->20.0M Heap: 1472.1M(2048.0M)->264.2M(2048.0M)]
 [Times: user=0.06 sys=0.00, real=0.02 secs] 
2019-08-09T19:28:51.993+0800: 135448.006: [GC pause (G1 Evacuation Pause) (young), 0.0143343 secs]
   [Parallel Time: 10.8 ms, GC Workers: 4]
      [GC Worker Start (ms): Min: 135448006.7, Avg: 135448006.8, Max: 135448006.8, Diff: 0.1]
      [Ext Root Scanning (ms): Min: 2.3, Avg: 2.4, Max: 2.6, Diff: 0.4, Sum: 9.7]
      [Update RS (ms): Min: 2.0, Avg: 2.0, Max: 2.0, Diff: 0.0, Sum: 8.1]
         [Processed Buffers: Min: 39, Avg: 45.2, Max: 52, Diff: 13, Sum: 181]
      [Scan RS (ms): Min: 0.4, Avg: 0.4, Max: 0.4, Diff: 0.0, Sum: 1.6]
      [Code Root Scanning (ms): Min: 0.0, Avg: 0.0, Max: 0.0, Diff: 0.0, Sum: 0.1]
      [Object Copy (ms): Min: 5.5, Avg: 5.6, Max: 5.7, Diff: 0.3, Sum: 22.4]
      [Termination (ms): Min: 0.0, Avg: 0.0, Max: 0.0, Diff: 0.0, Sum: 0.0]
         [Termination Attempts: Min: 1, Avg: 1.0, Max: 1, Diff: 0, Sum: 4]
      [GC Worker Other (ms): Min: 0.0, Avg: 0.0, Max: 0.1, Diff: 0.1, Sum: 0.2]
      [GC Worker Total (ms): Min: 10.5, Avg: 10.5, Max: 10.6, Diff: 0.1, Sum: 42.1]
      [GC Worker End (ms): Min: 135448017.3, Avg: 135448017.3, Max: 135448017.3, Diff: 0.1]
   [Code Root Fixup: 0.3 ms]
   [Code Root Purge: 0.0 ms]
   [Clear CT: 0.5 ms]
   [Other: 2.8 ms]
      [Choose CSet: 0.0 ms]
      [Ref Proc: 0.7 ms]
      [Ref Enq: 0.0 ms]
      [Redirty Cards: 0.1 ms]
      [Humongous Register: 0.1 ms]
      [Humongous Reclaim: 0.1 ms]
      [Free CSet: 1.1 ms]
   [Eden: 1208.0M(1208.0M)->0.0B(1209.0M) Survivors: 20.0M->19.0M Heap: 1472.2M(2048.0M)->262.7M(2048.0M)]
 [Times: user=0.04 sys=0.00, real=0.02 secs] 
2019-08-09T19:29:04.867+0800: 135460.880: [GC pause (G1 Evacuation Pause) (young), 0.0105076 secs]
   [Parallel Time: 7.0 ms, GC Workers: 4]
      [GC Worker Start (ms): Min: 135460881.0, Avg: 135460881.1, Max: 135460881.2, Diff: 0.2]
      [Ext Root Scanning (ms): Min: 3.4, Avg: 3.8, Max: 4.5, Diff: 1.0, Sum: 15.0]
      [Update RS (ms): Min: 0.8, Avg: 1.3, Max: 1.5, Diff: 0.7, Sum: 5.4]
         [Processed Buffers: Min: 28, Avg: 40.0, Max: 53, Diff: 25, Sum: 160]
      [Scan RS (ms): Min: 0.4, Avg: 0.4, Max: 0.4, Diff: 0.0, Sum: 1.5]
      [Code Root Scanning (ms): Min: 0.0, Avg: 0.0, Max: 0.0, Diff: 0.0, Sum: 0.1]
      [Object Copy (ms): Min: 1.1, Avg: 1.2, Max: 1.3, Diff: 0.2, Sum: 4.9]
      [Termination (ms): Min: 0.0, Avg: 0.0, Max: 0.0, Diff: 0.0, Sum: 0.0]
         [Termination Attempts: Min: 1, Avg: 1.5, Max: 2, Diff: 1, Sum: 6]
      [GC Worker Other (ms): Min: 0.0, Avg: 0.1, Max: 0.1, Diff: 0.1, Sum: 0.3]
      [GC Worker Total (ms): Min: 6.7, Avg: 6.8, Max: 6.9, Diff: 0.2, Sum: 27.2]
      [GC Worker End (ms): Min: 135460887.8, Avg: 135460887.9, Max: 135460887.9, Diff: 0.1]
   [Code Root Fixup: 0.2 ms]
   [Code Root Purge: 0.0 ms]
   [Clear CT: 0.3 ms]
   [Other: 3.0 ms]
      [Choose CSet: 0.0 ms]
      [Ref Proc: 0.6 ms]
      [Ref Enq: 0.0 ms]
      [Redirty Cards: 0.2 ms]
      [Humongous Register: 0.2 ms]
      [Humongous Reclaim: 0.0 ms]
      [Free CSet: 1.3 ms]
   [Eden: 1209.0M(1209.0M)->0.0B(1223.0M) Survivors: 19.0M->5120.0K Heap: 1471.7M(2048.0M)->249.2M(2048.0M)]
 [Times: user=0.02 sys=0.00, real=0.01 secs] 
2019-08-09T19:29:24.308+0800: 135480.321: [GC pause (G1 Evacuation Pause) (young), 0.0211346 secs]
   [Parallel Time: 16.3 ms, GC Workers: 4]
      [GC Worker Start (ms): Min: 135480322.3, Avg: 135480322.3, Max: 135480322.4, Diff: 0.1]
      [Ext Root Scanning (ms): Min: 2.8, Avg: 3.1, Max: 3.2, Diff: 0.4, Sum: 12.2]
      [Update RS (ms): Min: 1.8, Avg: 1.8, Max: 1.8, Diff: 0.0, Sum: 7.1]
         [Processed Buffers: Min: 29, Avg: 44.2, Max: 57, Diff: 28, Sum: 177]
      [Scan RS (ms): Min: 0.5, Avg: 0.6, Max: 0.6, Diff: 0.1, Sum: 2.3]
      [Code Root Scanning (ms): Min: 0.0, Avg: 0.0, Max: 0.0, Diff: 0.0, Sum: 0.1]
      [Object Copy (ms): Min: 10.5, Avg: 10.6, Max: 10.7, Diff: 0.1, Sum: 42.3]
      [Termination (ms): Min: 0.0, Avg: 0.0, Max: 0.0, Diff: 0.0, Sum: 0.0]
         [Termination Attempts: Min: 1, Avg: 1.0, Max: 1, Diff: 0, Sum: 4]
      [GC Worker Other (ms): Min: 0.0, Avg: 0.1, Max: 0.1, Diff: 0.1, Sum: 0.3]
      [GC Worker Total (ms): Min: 16.0, Avg: 16.1, Max: 16.1, Diff: 0.1, Sum: 64.4]
      [GC Worker End (ms): Min: 135480338.4, Avg: 135480338.4, Max: 135480338.4, Diff: 0.1]
   [Code Root Fixup: 0.3 ms]
   [Code Root Purge: 0.0 ms]
   [Clear CT: 0.6 ms]
   [Other: 3.9 ms]
      [Choose CSet: 0.0 ms]
      [Ref Proc: 0.4 ms]
      [Ref Enq: 0.0 ms]
      [Redirty Cards: 0.2 ms]
      [Humongous Register: 0.2 ms]
      [Humongous Reclaim: 0.0 ms]
      [Free CSet: 1.8 ms]
   [Eden: 1223.0M(1223.0M)->0.0B(1207.0M) Survivors: 5120.0K->21.0M Heap: 1472.2M(2048.0M)->264.7M(2048.0M)]
 [Times: user=0.07 sys=0.00, real=0.02 secs] 
2019-08-09T19:29:39.012+0800: 135495.025: [GC pause (G1 Evacuation Pause) (young), 0.0123854 secs]
   [Parallel Time: 9.6 ms, GC Workers: 4]
      [GC Worker Start (ms): Min: 135495025.9, Avg: 135495026.0, Max: 135495026.0, Diff: 0.1]
      [Ext Root Scanning (ms): Min: 2.5, Avg: 2.6, Max: 2.8, Diff: 0.3, Sum: 10.4]
      [Update RS (ms): Min: 1.6, Avg: 1.6, Max: 1.7, Diff: 0.1, Sum: 6.6]
         [Processed Buffers: Min: 34, Avg: 40.8, Max: 52, Diff: 18, Sum: 163]
      [Scan RS (ms): Min: 0.4, Avg: 0.4, Max: 0.4, Diff: 0.0, Sum: 1.7]
      [Code Root Scanning (ms): Min: 0.0, Avg: 0.0, Max: 0.1, Diff: 0.0, Sum: 0.2]
      [Object Copy (ms): Min: 4.5, Avg: 4.7, Max: 4.8, Diff: 0.3, Sum: 18.6]
      [Termination (ms): Min: 0.0, Avg: 0.0, Max: 0.0, Diff: 0.0, Sum: 0.0]
         [Termination Attempts: Min: 1, Avg: 1.0, Max: 1, Diff: 0, Sum: 4]
      [GC Worker Other (ms): Min: 0.0, Avg: 0.1, Max: 0.1, Diff: 0.1, Sum: 0.2]
      [GC Worker Total (ms): Min: 9.4, Avg: 9.4, Max: 9.5, Diff: 0.1, Sum: 37.7]
      [GC Worker End (ms): Min: 135495035.4, Avg: 135495035.4, Max: 135495035.4, Diff: 0.0]
   [Code Root Fixup: 0.2 ms]
   [Code Root Purge: 0.0 ms]
   [Clear CT: 0.3 ms]
   [Other: 2.3 ms]
      [Choose CSet: 0.0 ms]
      [Ref Proc: 0.3 ms]
      [Ref Enq: 0.0 ms]
      [Redirty Cards: 0.2 ms]
      [Humongous Register: 0.2 ms]
      [Humongous Reclaim: 0.0 ms]
      [Free CSet: 1.0 ms]
   [Eden: 1207.0M(1207.0M)->0.0B(1215.0M) Survivors: 21.0M->13.0M Heap: 1471.7M(2048.0M)->256.7M(2048.0M)]
 [Times: user=0.04 sys=0.00, real=0.02 secs] 
2019-08-09T19:29:54.945+0800: 135510.959: [GC pause (G1 Evacuation Pause) (young), 0.0119151 secs]
   [Parallel Time: 8.7 ms, GC Workers: 4]
      [GC Worker Start (ms): Min: 135510959.1, Avg: 135510959.1, Max: 135510959.1, Diff: 0.1]
      [Ext Root Scanning (ms): Min: 2.2, Avg: 2.4, Max: 2.5, Diff: 0.3, Sum: 9.6]
      [Update RS (ms): Min: 1.5, Avg: 1.5, Max: 1.6, Diff: 0.0, Sum: 6.2]
         [Processed Buffers: Min: 35, Avg: 45.8, Max: 60, Diff: 25, Sum: 183]
      [Scan RS (ms): Min: 0.4, Avg: 0.4, Max: 0.4, Diff: 0.0, Sum: 1.6]
      [Code Root Scanning (ms): Min: 0.0, Avg: 0.0, Max: 0.0, Diff: 0.0, Sum: 0.1]
      [Object Copy (ms): Min: 4.0, Avg: 4.1, Max: 4.3, Diff: 0.3, Sum: 16.4]
      [Termination (ms): Min: 0.0, Avg: 0.0, Max: 0.0, Diff: 0.0, Sum: 0.0]
         [Termination Attempts: Min: 1, Avg: 2.8, Max: 4, Diff: 3, Sum: 11]
      [GC Worker Other (ms): Min: 0.0, Avg: 0.1, Max: 0.1, Diff: 0.0, Sum: 0.2]
      [GC Worker Total (ms): Min: 8.5, Avg: 8.5, Max: 8.6, Diff: 0.1, Sum: 34.2]
      [GC Worker End (ms): Min: 135510967.6, Avg: 135510967.7, Max: 135510967.7, Diff: 0.1]
   [Code Root Fixup: 0.2 ms]
   [Code Root Purge: 0.0 ms]
   [Clear CT: 0.3 ms]
   [Other: 2.8 ms]
      [Choose CSet: 0.0 ms]
      [Ref Proc: 0.5 ms]
      [Ref Enq: 0.0 ms]
      [Redirty Cards: 0.2 ms]
      [Humongous Register: 0.1 ms]
      [Humongous Reclaim: 0.0 ms]
      [Free CSet: 1.2 ms]
   [Eden: 1215.0M(1215.0M)->0.0B(1215.0M) Survivors: 13.0M->13.0M Heap: 1471.7M(2048.0M)->256.7M(2048.0M)]
 [Times: user=0.04 sys=0.00, real=0.01 secs] 
2019-08-09T19:30:03.756+0800: 135519.769: [GC pause (G1 Humongous Allocation) (young) (initial-mark), 0.0381270 secs]
   [Parallel Time: 32.3 ms, GC Workers: 4]
      [GC Worker Start (ms): Min: 135519771.2, Avg: 135519771.3, Max: 135519771.4, Diff: 0.2]
      [Ext Root Scanning (ms): Min: 4.8, Avg: 5.1, Max: 5.3, Diff: 0.5, Sum: 20.3]
      [Update RS (ms): Min: 24.4, Avg: 24.4, Max: 24.5, Diff: 0.1, Sum: 97.7]
         [Processed Buffers: Min: 196, Avg: 204.8, Max: 221, Diff: 25, Sum: 819]
      [Scan RS (ms): Min: 0.3, Avg: 0.3, Max: 0.4, Diff: 0.1, Sum: 1.4]
      [Code Root Scanning (ms): Min: 0.0, Avg: 0.0, Max: 0.0, Diff: 0.0, Sum: 0.1]
      [Object Copy (ms): Min: 1.4, Avg: 1.6, Max: 1.8, Diff: 0.3, Sum: 6.3]
      [Termination (ms): Min: 0.0, Avg: 0.0, Max: 0.0, Diff: 0.0, Sum: 0.0]
         [Termination Attempts: Min: 1, Avg: 1.0, Max: 1, Diff: 0, Sum: 4]
      [GC Worker Other (ms): Min: 0.0, Avg: 0.1, Max: 0.1, Diff: 0.1, Sum: 0.3]
      [GC Worker Total (ms): Min: 31.4, Avg: 31.5, Max: 31.6, Diff: 0.2, Sum: 125.9]
      [GC Worker End (ms): Min: 135519802.8, Avg: 135519802.8, Max: 135519802.8, Diff: 0.1]
   [Code Root Fixup: 0.2 ms]
   [Code Root Purge: 0.0 ms]
   [Clear CT: 0.2 ms]
   [Other: 5.4 ms]
      [Choose CSet: 0.0 ms]
      [Ref Proc: 0.6 ms]
      [Ref Enq: 0.0 ms]
      [Redirty Cards: 0.3 ms]
      [Humongous Register: 1.0 ms]
      [Humongous Reclaim: 1.2 ms]
      [Free CSet: 0.9 ms]
   [Eden: 657.0M(1215.0M)->0.0B(1224.0M) Survivors: 13.0M->4096.0K Heap: 1243.3M(2048.0M)->248.3M(2048.0M)]
 [Times: user=0.14 sys=0.00, real=0.04 secs] 
2019-08-09T19:30:03.794+0800: 135519.807: [GC concurrent-root-region-scan-start]
2019-08-09T19:30:03.799+0800: 135519.812: [GC concurrent-root-region-scan-end, 0.0048685 secs]
2019-08-09T19:30:03.799+0800: 135519.812: [GC concurrent-mark-start]
2019-08-09T19:30:04.040+0800: 135520.054: [GC concurrent-mark-end, 0.2412274 secs]
2019-08-09T19:30:04.043+0800: 135520.057: [GC remark 2019-08-09T19:30:04.044+0800: 135520.057: [Finalize Marking, 0.0010747 secs] 2019-08-09T19:30:04.045+0800: 135520.058: [GC ref-proc, 0.0021716 secs] 2019-08-09T19:30:04.047+0800: 135520.060: [Unloading, 0.0435798 secs], 0.0488829 secs]
 [Times: user=0.17 sys=0.00, real=0.04 secs] 
2019-08-09T19:30:04.095+0800: 135520.108: [GC cleanup 274M->274M(2048M), 0.0040189 secs]
 [Times: user=0.01 sys=0.00, real=0.00 secs] 
2019-08-09T19:30:14.829+0800: 135530.842: [GC pause (G1 Humongous Allocation) (young), 0.0435351 secs]
   [Parallel Time: 36.9 ms, GC Workers: 4]
      [GC Worker Start (ms): Min: 135530842.8, Avg: 135530842.8, Max: 135530842.9, Diff: 0.1]
      [Ext Root Scanning (ms): Min: 3.0, Avg: 3.2, Max: 3.3, Diff: 0.3, Sum: 12.7]
      [Update RS (ms): Min: 28.5, Avg: 28.5, Max: 28.5, Diff: 0.0, Sum: 113.9]
         [Processed Buffers: Min: 237, Avg: 251.0, Max: 268, Diff: 31, Sum: 1004]
      [Scan RS (ms): Min: 0.2, Avg: 0.2, Max: 0.3, Diff: 0.1, Sum: 1.0]
      [Code Root Scanning (ms): Min: 0.0, Avg: 0.0, Max: 0.0, Diff: 0.0, Sum: 0.1]
      [Object Copy (ms): Min: 4.7, Avg: 4.7, Max: 4.8, Diff: 0.1, Sum: 19.0]
      [Termination (ms): Min: 0.0, Avg: 0.0, Max: 0.0, Diff: 0.0, Sum: 0.0]
         [Termination Attempts: Min: 1, Avg: 1.0, Max: 1, Diff: 0, Sum: 4]
      [GC Worker Other (ms): Min: 0.0, Avg: 0.0, Max: 0.1, Diff: 0.1, Sum: 0.2]
      [GC Worker Total (ms): Min: 36.6, Avg: 36.7, Max: 36.8, Diff: 0.2, Sum: 146.9]
      [GC Worker End (ms): Min: 135530879.5, Avg: 135530879.6, Max: 135530879.6, Diff: 0.1]
   [Code Root Fixup: 0.3 ms]
   [Code Root Purge: 0.0 ms]
   [Clear CT: 0.3 ms]
   [Other: 6.0 ms]
      [Choose CSet: 0.0 ms]
      [Ref Proc: 1.2 ms]
      [Ref Enq: 0.0 ms]
      [Redirty Cards: 0.2 ms]
      [Humongous Register: 0.7 ms]
      [Humongous Reclaim: 1.9 ms]
      [Free CSet: 1.2 ms]
   [Eden: 732.0M(1224.0M)->0.0B(242.0M) Survivors: 4096.0K->14.0M Heap: 1496.8M(2048.0M)->257.8M(2048.0M)]
 [Times: user=0.16 sys=0.00, real=0.04 secs] 
2019-08-09T19:30:16.283+0800: 135532.296: [GC pause (G1 Evacuation Pause) (mixed), 0.0175424 secs]
   [Parallel Time: 15.1 ms, GC Workers: 4]
      [GC Worker Start (ms): Min: 135532296.3, Avg: 135532296.4, Max: 135532296.4, Diff: 0.1]
      [Ext Root Scanning (ms): Min: 2.6, Avg: 2.7, Max: 2.9, Diff: 0.4, Sum: 11.0]
      [Update RS (ms): Min: 3.8, Avg: 3.8, Max: 3.9, Diff: 0.0, Sum: 15.3]
         [Processed Buffers: Min: 43, Avg: 48.2, Max: 60, Diff: 17, Sum: 193]
      [Scan RS (ms): Min: 0.5, Avg: 0.6, Max: 0.6, Diff: 0.1, Sum: 2.2]
      [Code Root Scanning (ms): Min: 0.0, Avg: 0.1, Max: 0.2, Diff: 0.1, Sum: 0.2]
      [Object Copy (ms): Min: 7.4, Avg: 7.6, Max: 7.7, Diff: 0.4, Sum: 30.2]
      [Termination (ms): Min: 0.0, Avg: 0.0, Max: 0.0, Diff: 0.0, Sum: 0.0]
         [Termination Attempts: Min: 1, Avg: 1.0, Max: 1, Diff: 0, Sum: 4]
      [GC Worker Other (ms): Min: 0.0, Avg: 0.0, Max: 0.1, Diff: 0.1, Sum: 0.2]
      [GC Worker Total (ms): Min: 14.7, Avg: 14.8, Max: 14.8, Diff: 0.1, Sum: 59.2]
      [GC Worker End (ms): Min: 135532311.2, Avg: 135532311.2, Max: 135532311.2, Diff: 0.0]
   [Code Root Fixup: 0.4 ms]
   [Code Root Purge: 0.0 ms]
   [Clear CT: 0.2 ms]
   [Other: 1.9 ms]
      [Choose CSet: 0.0 ms]
      [Ref Proc: 0.2 ms]
      [Ref Enq: 0.0 ms]
      [Redirty Cards: 0.1 ms]
      [Humongous Register: 0.2 ms]
      [Humongous Reclaim: 0.1 ms]
      [Free CSet: 0.4 ms]
   [Eden: 242.0M(242.0M)->0.0B(1213.0M) Survivors: 14.0M->15.0M Heap: 513.8M(2048.0M)->256.7M(2048.0M)]
 [Times: user=0.06 sys=0.00, real=0.02 secs] 
2019-08-09T19:30:32.251+0800: 135548.264: [GC pause (G1 Evacuation Pause) (young), 0.0318329 secs]
   [Parallel Time: 28.0 ms, GC Workers: 4]
      [GC Worker Start (ms): Min: 135548264.3, Avg: 135548264.3, Max: 135548264.4, Diff: 0.1]
      [Ext Root Scanning (ms): Min: 2.5, Avg: 2.7, Max: 2.8, Diff: 0.4, Sum: 10.8]
      [Update RS (ms): Min: 17.2, Avg: 17.2, Max: 17.2, Diff: 0.0, Sum: 68.7]
         [Processed Buffers: Min: 171, Avg: 193.2, Max: 236, Diff: 65, Sum: 773]
      [Scan RS (ms): Min: 0.4, Avg: 0.5, Max: 0.5, Diff: 0.1, Sum: 1.8]
      [Code Root Scanning (ms): Min: 0.0, Avg: 0.0, Max: 0.0, Diff: 0.0, Sum: 0.1]
      [Object Copy (ms): Min: 7.3, Avg: 7.4, Max: 7.6, Diff: 0.3, Sum: 29.8]
      [Termination (ms): Min: 0.0, Avg: 0.0, Max: 0.0, Diff: 0.0, Sum: 0.0]
         [Termination Attempts: Min: 1, Avg: 1.0, Max: 1, Diff: 0, Sum: 4]
      [GC Worker Other (ms): Min: 0.0, Avg: 0.1, Max: 0.1, Diff: 0.0, Sum: 0.2]
      [GC Worker Total (ms): Min: 27.8, Avg: 27.8, Max: 27.9, Diff: 0.1, Sum: 111.4]
      [GC Worker End (ms): Min: 135548292.2, Avg: 135548292.2, Max: 135548292.2, Diff: 0.0]
   [Code Root Fixup: 0.2 ms]
   [Code Root Purge: 0.0 ms]
   [Clear CT: 0.5 ms]
   [Other: 3.2 ms]
      [Choose CSet: 0.0 ms]
      [Ref Proc: 0.6 ms]
      [Ref Enq: 0.0 ms]
      [Redirty Cards: 0.1 ms]
      [Humongous Register: 0.2 ms]
      [Humongous Reclaim: 0.3 ms]
      [Free CSet: 1.2 ms]
   [Eden: 1213.0M(1213.0M)->0.0B(1213.0M) Survivors: 15.0M->15.0M Heap: 1544.7M(2048.0M)->256.3M(2048.0M)]
 [Times: user=0.12 sys=0.00, real=0.03 secs] 
2019-08-09T19:30:47.537+0800: 135563.550: [GC pause (G1 Evacuation Pause) (young), 0.0148540 secs]
   [Parallel Time: 11.3 ms, GC Workers: 4]
      [GC Worker Start (ms): Min: 135563551.4, Avg: 135563551.5, Max: 135563551.7, Diff: 0.3]
      [Ext Root Scanning (ms): Min: 4.8, Avg: 6.4, Max: 8.1, Diff: 3.3, Sum: 25.4]
      [Update RS (ms): Min: 0.3, Avg: 1.7, Max: 3.2, Diff: 2.9, Sum: 6.9]
         [Processed Buffers: Min: 21, Avg: 42.5, Max: 68, Diff: 47, Sum: 170]
      [Scan RS (ms): Min: 0.3, Avg: 0.3, Max: 0.4, Diff: 0.0, Sum: 1.4]
      [Code Root Scanning (ms): Min: 0.0, Avg: 0.0, Max: 0.0, Diff: 0.0, Sum: 0.1]
      [Object Copy (ms): Min: 2.3, Avg: 2.5, Max: 2.7, Diff: 0.4, Sum: 10.1]
      [Termination (ms): Min: 0.0, Avg: 0.0, Max: 0.0, Diff: 0.0, Sum: 0.0]
         [Termination Attempts: Min: 1, Avg: 1.0, Max: 1, Diff: 0, Sum: 4]
      [GC Worker Other (ms): Min: 0.0, Avg: 0.1, Max: 0.1, Diff: 0.1, Sum: 0.2]
      [GC Worker Total (ms): Min: 10.9, Avg: 11.1, Max: 11.1, Diff: 0.2, Sum: 44.2]
      [GC Worker End (ms): Min: 135563562.6, Avg: 135563562.6, Max: 135563562.6, Diff: 0.0]
   [Code Root Fixup: 0.2 ms]
   [Code Root Purge: 0.0 ms]
   [Clear CT: 0.4 ms]
   [Other: 3.0 ms]
      [Choose CSet: 0.0 ms]
      [Ref Proc: 0.3 ms]
      [Ref Enq: 0.0 ms]
      [Redirty Cards: 0.1 ms]
      [Humongous Register: 0.8 ms]
      [Humongous Reclaim: 0.0 ms]
      [Free CSet: 1.1 ms]
   [Eden: 1213.0M(1213.0M)->0.0B(1219.0M) Survivors: 15.0M->9216.0K Heap: 1469.3M(2048.0M)->250.4M(2048.0M)]
 [Times: user=0.03 sys=0.01, real=0.01 secs] 
2019-08-09T19:31:03.319+0800: 135579.332: [GC pause (G1 Evacuation Pause) (young), 0.0137629 secs]
   [Parallel Time: 9.5 ms, GC Workers: 4]
      [GC Worker Start (ms): Min: 135579332.8, Avg: 135579332.9, Max: 135579333.0, Diff: 0.2]
      [Ext Root Scanning (ms): Min: 2.2, Avg: 2.4, Max: 2.5, Diff: 0.3, Sum: 9.7]
      [Update RS (ms): Min: 1.5, Avg: 1.6, Max: 1.6, Diff: 0.1, Sum: 6.2]
         [Processed Buffers: Min: 36, Avg: 43.8, Max: 50, Diff: 14, Sum: 175]
      [Scan RS (ms): Min: 0.3, Avg: 0.3, Max: 0.4, Diff: 0.0, Sum: 1.4]
      [Code Root Scanning (ms): Min: 0.0, Avg: 0.0, Max: 0.0, Diff: 0.0, Sum: 0.1]
      [Object Copy (ms): Min: 4.6, Avg: 4.8, Max: 4.9, Diff: 0.2, Sum: 19.0]
      [Termination (ms): Min: 0.0, Avg: 0.0, Max: 0.0, Diff: 0.0, Sum: 0.0]
         [Termination Attempts: Min: 1, Avg: 1.0, Max: 1, Diff: 0, Sum: 4]
      [GC Worker Other (ms): Min: 0.1, Avg: 0.1, Max: 0.2, Diff: 0.1, Sum: 0.5]
      [GC Worker Total (ms): Min: 9.2, Avg: 9.2, Max: 9.3, Diff: 0.1, Sum: 36.9]
      [GC Worker End (ms): Min: 135579342.1, Avg: 135579342.2, Max: 135579342.2, Diff: 0.1]
   [Code Root Fixup: 0.2 ms]
   [Code Root Purge: 0.0 ms]
   [Clear CT: 0.4 ms]
   [Other: 3.6 ms]
      [Choose CSet: 0.0 ms]
      [Ref Proc: 1.4 ms]
      [Ref Enq: 0.0 ms]
      [Redirty Cards: 0.2 ms]
      [Humongous Register: 0.2 ms]
      [Humongous Reclaim: 0.0 ms]
      [Free CSet: 1.1 ms]
   [Eden: 1219.0M(1219.0M)->0.0B(1217.0M) Survivors: 9216.0K->11.0M Heap: 1469.4M(2048.0M)->252.4M(2048.0M)]
 [Times: user=0.05 sys=0.00, real=0.01 secs] 